2026-09-25 13:30:46.270 INFO   Freerouting v2.4.1 (build-date: 2026-09-03)
2026-09-25 13:30:46.342 WARN   Couldn't get screen resolution. If you are running in a headless environment, disable the GUI by setting gui.enabled to false.
2026-09-25 13:30:47.738 INFO   [2AE966\217042] Loading board file 'panel.dsn'...
2026-09-25 13:30:47.885 INFO   [2AE966\217042] Job '2AE966\217042' started at 2026-09-25T10:30:47.885152600Z.
2026-09-25 13:30:48.057 INFO   [2AE966\217042] Fanout stage started on board '638d3956ae014ffa711b95103ac70018' with 328 of 353 SMD pins needing fanout (0 already connected, 25 netless).
2026-09-25 13:30:56.729 INFO   [2AE966\217042] Fanout pass #1 on board '6e9c8038e9612f9c0a244bb2b656a1a6' completed in 8.56 seconds with 319 SMD pins fanouted, 1 not routed, 0 insert errors, +83 extra vias (0 SMD pins still to check in pass, ripup costs=100).
2026-09-25 13:31:01.752 INFO   [2AE966\217042] Fanout pass #2 on board '849092ef9dc8d64a9ffd50d067bde1a9' completed in 4.97 seconds with 98 SMD pins fanouted, 1 not routed, 0 insert errors, +26 extra vias (0 SMD pins still to check in pass, ripup costs=200).
2026-09-25 13:31:04.316 INFO   [2AE966\217042] Fanout pass #3 on board '3bd9658b359160cdea4d2855f4143a3c' completed in 2.52 seconds with 51 SMD pins fanouted, 0 not routed, 0 insert errors, +13 extra vias (0 SMD pins still to check in pass, ripup costs=300).
2026-09-25 13:31:06.246 INFO   [2AE966\217042] Fanout pass #4 on board '1ae299a80f33029f2ce16d8e0dbc7b90' completed in 1.90 seconds with 34 SMD pins fanouted, 1 not routed, 0 insert errors, +3 extra vias (0 SMD pins still to check in pass, ripup costs=400).
2026-09-25 13:31:07.688 INFO   [2AE966\217042] Fanout pass #5 on board '86f880084de822cdbcc68e3b39f8c6f9' completed in 1.42 seconds with 36 SMD pins fanouted, 0 not routed, 0 insert errors, +0 extra vias (0 SMD pins still to check in pass, ripup costs=500).
2026-09-25 13:31:09.040 INFO   [2AE966\217042] Fanout pass #6 on board 'f53c29524ebd611223429fe137a82cb1' completed in 1.31 seconds with 29 SMD pins fanouted, 0 not routed, 0 insert errors, +0 extra vias (0 SMD pins still to check in pass, ripup costs=600).
2026-09-25 13:31:10.474 INFO   [2AE966\217042] Fanout pass #7 on board 'a020863e08395d3db549dc87ee065846' completed in 1.41 seconds with 31 SMD pins fanouted, 0 not routed, 0 insert errors, +2 extra vias (0 SMD pins still to check in pass, ripup costs=700).
2026-09-25 13:31:11.912 INFO   [2AE966\217042] Fanout pass #8 on board '1e35c7845b8a0fd9ad3fc826a4045ab2' completed in 1.40 seconds with 31 SMD pins fanouted, 0 not routed, 0 insert errors, +0 extra vias (0 SMD pins still to check in pass, ripup costs=800).
2026-09-25 13:31:13.419 INFO   [2AE966\217042] Fanout pass #9 on board '2204ae477288637acd476d9bf780ee42' completed in 1.48 seconds with 32 SMD pins fanouted, 0 not routed, 0 insert errors, +0 extra vias (0 SMD pins still to check in pass, ripup costs=900).
2026-09-25 13:31:14.861 INFO   [2AE966\217042] Fanout pass #10 on board 'e3eb097b63eb05c9786f0293391729cb' completed in 1.36 seconds with 28 SMD pins fanouted, 0 not routed, 0 insert errors, +5 extra vias (0 SMD pins still to check in pass, ripup costs=1000).
2026-09-25 13:31:15.881 INFO   [2AE966\217042] Fanout pass #11 on board 'f8e40bd64b1dce62908f151b19b3fc95' completed in 0.98 seconds with 23 SMD pins fanouted, 0 not routed, 0 insert errors, +0 extra vias (0 SMD pins still to check in pass, ripup costs=1100).
2026-09-25 13:31:17.231 INFO   [2AE966\217042] Fanout pass #12 on board 'ff92d87040ab7170de61180075c0493d' completed in 1.32 seconds with 26 SMD pins fanouted, 0 not routed, 0 insert errors, +0 extra vias (0 SMD pins still to check in pass, ripup costs=1200).
2026-09-25 13:31:18.438 INFO   [2AE966\217042] Fanout pass #13 on board '34d802b232b0a1306d443263fbb69655' completed in 1.17 seconds with 27 SMD pins fanouted, 0 not routed, 0 insert errors, +2 extra vias (0 SMD pins still to check in pass, ripup costs=1300).
2026-09-25 13:31:19.490 INFO   [2AE966\217042] Fanout pass #14 on board 'ed575276c4c3728e0ea84d070618620a' completed in 1.02 seconds with 23 SMD pins fanouted, 0 not routed, 0 insert errors, +2 extra vias (0 SMD pins still to check in pass, ripup costs=1400).
2026-09-25 13:31:20.371 INFO   [2AE966\217042] Fanout pass #15 on board 'a1ad85ccedd6411c0552dc07335d0e1a' completed in 0.85 seconds with 19 SMD pins fanouted, 0 not routed, 0 insert errors, +2 extra vias (0 SMD pins still to check in pass, ripup costs=1500).
2026-09-25 13:31:21.165 INFO   [2AE966\217042] Fanout pass #16 on board '3141c00f704d4c66fa1d3a98d3caa763' completed in 0.77 seconds with 18 SMD pins fanouted, 0 not routed, 0 insert errors, +0 extra vias (0 SMD pins still to check in pass, ripup costs=1600).
2026-09-25 13:31:22.051 INFO   [2AE966\217042] Fanout pass #17 on board '517c1126e9a957d567b664eebd5905e3' completed in 0.85 seconds with 21 SMD pins fanouted, 0 not routed, 0 insert errors, +0 extra vias (0 SMD pins still to check in pass, ripup costs=1700).
2026-09-25 13:31:23.008 INFO   [2AE966\217042] Fanout pass #18 on board 'a8c0a0312d3b2858aff9801e9969cd6e' completed in 0.93 seconds with 21 SMD pins fanouted, 0 not routed, 0 insert errors, +0 extra vias (0 SMD pins still to check in pass, ripup costs=1800).
2026-09-25 13:31:23.887 INFO   [2AE966\217042] Fanout pass #19 on board '04c4c53e799d4a4d3bc9508c44b16ed9' completed in 0.84 seconds with 19 SMD pins fanouted, 0 not routed, 0 insert errors, +1 extra via (0 SMD pins still to check in pass, ripup costs=1900).
2026-09-25 13:31:24.807 INFO   [2AE966\217042] Fanout pass #20 on board '0f1c04935437c77ae177fb31a665c5e2' completed in 0.89 seconds with 19 SMD pins fanouted, 0 not routed, 0 insert errors, +0 extra vias (0 SMD pins still to check in pass, ripup costs=2000).
2026-09-25 13:31:24.887 INFO   [2AE966\217042] Fanout stage completed: started with 328 total SMD pins, completed in 36.77 seconds, escaped pins: 317/328 (96.6%), using 27.50 total CPU seconds, 125.50 GB total allocated, and 343.7 MB peak heap usage.
2026-09-25 13:31:24.912 INFO   [2AE966\217042] Auto-routing stage started on board '0f1c04935437c77ae177fb31a665c5e2' for 105 unrouted items.
2026-09-25 13:31:44.276 INFO   [2AE966\217042] Auto-routing pass #1 on board '0f1c04935437c77ae177fb31a665c5e2' was completed in 19.14 seconds with score 905.25 (27 unrouted and 0 violations), using 43.30 CPU seconds and the job allocated 223.00 GB of memory so far.
2026-09-25 13:31:56.176 INFO   [2AE966\217042] Auto-routing pass #2 on board 'a86b3dc25ba92da687c9d4d002df6ba6' was completed in 11.67 seconds with score 954.38 (13 unrouted and 0 violations), using 54.73 CPU seconds and the job allocated 294.33 GB of memory so far.
2026-09-25 13:32:00.732 INFO   [2AE966\217042] Auto-routing pass #3 on board 'ebdf760a5bd6ce200e0a3a7c660aae6e' was completed in 4.02 seconds with score 964.90 (10 unrouted and 0 violations), using 59.36 CPU seconds and the job allocated 329.89 GB of memory so far.
2026-09-25 13:32:04.660 INFO   [2AE966\217042] Auto-routing pass #4 on board 'e5637372901970f9a1cc848e1ce09cd0' was completed in 3.39 seconds with score 975.43 (7 unrouted and 0 violations), using 63.00 CPU seconds and the job allocated 358.32 GB of memory so far.
2026-09-25 13:32:08.811 INFO   [2AE966\217042] Auto-routing pass #5 on board '2064d3a6a76960468958df6c41f172a5' was completed in 3.62 seconds with score 975.43 (7 unrouted and 0 violations), using 66.73 CPU seconds and the job allocated 386.71 GB of memory so far.
2026-09-25 13:32:12.262 INFO   [2AE966\217042] Auto-routing pass #6 on board 'b30a29b4e9c274651cf50a1eaa8f6800' was completed in 2.89 seconds with score 982.45 (5 unrouted and 0 violations), using 69.58 CPU seconds and the job allocated 405.79 GB of memory so far.
2026-09-25 13:32:14.341 INFO   [2AE966\217042] Auto-routing pass #7 on board 'cf49ab9f0dc95297e672db9a2656970e' was completed in 1.50 seconds with score 978.94 (6 unrouted and 0 violations), using 72.39 CPU seconds and the job allocated 427.70 GB of memory so far.
2026-09-25 13:32:16.901 INFO   [2AE966\217042] Auto-routing pass #8 on board '9ad541fabf00a2deb7d32a3a228661f6' was completed in 2.02 seconds with score 996.48 (1 unrouted and 0 violations), using 74.28 CPU seconds and the job allocated 442.03 GB of memory so far.
2026-09-25 13:32:18.474 INFO   [2AE966\217042] Auto-routing pass #9 on board 'df4baf21326cc0de5df1b184fb75a375' was completed in 1.02 seconds with score 996.48 (1 unrouted and 0 violations), using 76.14 CPU seconds and the job allocated 458.28 GB of memory so far.
2026-09-25 13:32:20.024 INFO   [2AE966\217042] Auto-routing pass #10 on board '08257b09023253673226714feb441fe3' was completed in 1.00 seconds with score 996.48 (1 unrouted and 0 violations), using 77.05 CPU seconds and the job allocated 466.52 GB of memory so far.
2026-09-25 13:32:21.608 INFO   [2AE966\217042] Auto-routing pass #11 on board 'fef72789f7b7c901fbb919b58776f51c' was completed in 1.03 seconds with score 996.48 (1 unrouted and 0 violations), using 78.84 CPU seconds and the job allocated 482.75 GB of memory so far.
2026-09-25 13:32:23.455 INFO   [2AE966\217042] Auto-routing pass #12 on board '989907e902d8941534405e53faf2c003' was completed in 1.00 seconds with score 996.48 (1 unrouted and 0 violations), using 80.78 CPU seconds and the job allocated 499.13 GB of memory so far.
2026-09-25 13:32:25.012 INFO   [2AE966\217042] Auto-routing pass #13 on board 'c5d14a2360ad77f9d6ab51861971eec8' was completed in 1.01 seconds with score 996.48 (1 unrouted and 0 violations), using 81.73 CPU seconds and the job allocated 507.22 GB of memory so far.
2026-09-25 13:32:26.537 INFO   [2AE966\217042] Auto-routing pass #14 on board '9fe928a1e66cc122a5bf347017e0f9a7' was completed in 0.98 seconds with score 996.48 (1 unrouted and 0 violations), using 83.64 CPU seconds and the job allocated 523.57 GB of memory so far.
2026-09-25 13:32:28.143 INFO   [2AE966\217042] Auto-routing pass #15 on board 'e85e2b142f329b281e6cbc8a279a6e39' was completed in 1.06 seconds with score 996.48 (1 unrouted and 0 violations), using 84.61 CPU seconds and the job allocated 531.99 GB of memory so far.
2026-09-25 13:32:29.693 INFO   [2AE966\217042] Auto-routing pass #16 on board '5c82d1fd1c392a6d26fe8e3d423c52f8' was completed in 0.99 seconds with score 996.48 (1 unrouted and 0 violations), using 86.50 CPU seconds and the job allocated 547.58 GB of memory so far.
2026-09-25 13:32:31.241 INFO   [2AE966\217042] Auto-routing pass #17 on board 'a47939460039739edd85f9a3b6d739f7' was completed in 1.01 seconds with score 996.48 (1 unrouted and 0 violations), using 87.47 CPU seconds and the job allocated 555.83 GB of memory so far.
2026-09-25 13:32:32.807 INFO   [2AE966\217042] Auto-routing pass #18 on board '3eb254812a6800f041e6849f0a21771b' was completed in 1.02 seconds with score 996.48 (1 unrouted and 0 violations), using 89.30 CPU seconds and the job allocated 572.01 GB of memory so far.
2026-09-25 13:32:32.850 INFO   [2AE966\217042] The router's best score (996.48) has not improved by more than 0.5 points since pass #8. Stopping the auto-router after 18 passes (1 item still unconnected).
The following connections could not be routed -- please review your design (e.g. check pad clearances, trace width rules, and available routing space):
  Net 'USB_DP' (1 unrouted connection):
    - J2-A6  ->  J2-B6
2026-09-25 13:32:33.396 INFO   [2AE966\217042] Auto-routing stage completed: started with 285 unrouted nets, completed in 105.14 seconds, final score: 996.48 (1 unrouted and 0 violations), using 90.22 total CPU seconds, 579.84 GB total allocated, and 589.8 MB peak heap usage.
2026-09-25 13:32:33.661 INFO   [2AE966\217042] Optimization stage started on board '288c1f89a13a3ab82c9dec33c581596e' with score 996.48 (1 unrouted and 0 violations).
2026-09-25 13:32:33.917 INFO   [2AE966\217042] Stopping optimizer because the current board score (996.48) is already close to the maximum score (1000). Remaining potential improvement is less than the threshold (1.00%).
2026-09-25 13:32:34.180 INFO   [2AE966\217042] Optimization stage completed: started with score 996.48 (1 unrouted and 0 violations), completed in 0.26 seconds, final score: 996.48 (1 unrouted and 0 violations), using 0.23 total CPU seconds, 2.14 GB total allocated, and 374.2 MB peak heap usage.
2026-09-25 13:32:34.203 INFO   [2AE966\217042] Job '2AE966\217042' finished with state: COMPLETED (elapsed: 1 minute 46.32 seconds, finished at UTC: 2026-09-25T10:32:34.202612800Z).
2026-09-25 13:32:34.250 INFO   Saving output file 'C:\Users\user\Documents\fpga\hardware\pico-panel\routing-trial\panel.ses' (SES)...
2026-09-25 13:32:34.253 INFO   Successfully saved output file 'C:\Users\user\Documents\fpga\hardware\pico-panel\routing-trial\panel.ses' (95655 bytes).

????????????????????????????????????????????????????????????????????
?           Thank you for using Freerouting!                       ?
?                                                                  ?
?  If you would like to support the project, please visit          ?
?  https://www.freerouting.app/donate.html                         ?
?  Every contribution helps keep this project open and active!     ?
????????????????????????????????????????????????????????????????????
