Info: constrained 'CLK' to bel 'X0/Y8/io1'
Info: constrained 'R1' to bel 'X0/Y13/io1'
Info: constrained 'G1' to bel 'X0/Y13/io0'
Info: constrained 'B1' to bel 'X0/Y12/io0'
Info: constrained 'R2' to bel 'X0/Y10/io1'
Info: constrained 'G2' to bel 'X0/Y10/io0'
Info: constrained 'B2' to bel 'X0/Y9/io1'
Info: constrained 'A' to bel 'X0/Y9/io0'
Info: constrained 'B' to bel 'X0/Y8/io0'
Info: constrained 'C' to bel 'X0/Y6/io1'
Info: constrained 'SCLK' to bel 'X0/Y6/io0'
Info: constrained 'LAT' to bel 'X0/Y4/io1'
Info: constrained 'OE' to bel 'X0/Y4/io0'
Info: constrained 'LED1' to bel 'X9/Y0/io1'
Info: constrained 'LED2' to bel 'X13/Y3/io1'
Info: constrained 'TX' to bel 'X0/Y12/io1'
Info: constraining clock net 'CLK' to 100.00 MHz
Info: constraining clock net 'clk' to 25.00 MHz

Info: Packing constants..
Info: Packing IOs..
Info: Packing LUT-FFs..
Info:      249 LCs used as LUT4 only
Info:       97 LCs used as LUT4 and DFF
Info: Packing non-LUT FFs..
Info:        9 LCs used as DFF only
Info: Packing carries..
Info:       87 LCs used as CARRY only
Info: Packing indirect carry+LUT pairs...
Info:        1 LUTs merged into carry LCs
Info: Packing RAMs..
Info: Placing PLLs..
Info: Packing special functions..
Info: Packing PLLs..
Info: Promoting globals..
Info: promoting CLK$SB_IO_IN (fanout 2)
Info: Constraining chains...
Info:       32 LCs used to legalise carry chains.
Info: Checksum: 0xa77a9d19

Info: Device utilisation:
Info: 	         ICESTORM_LC:     477/   1280    37%
Info: 	        ICESTORM_RAM:       0/     16     0%
Info: 	               SB_IO:      16/     72    22%
Info: 	               SB_GB:       2/      8    25%
Info: 	         SB_WARMBOOT:       0/      1     0%

Info: Placed 16 cells based on constraints.
Info: Creating initial analytic placement for 286 cells, random placement wirelen = 4625.
Info:     at initial placer iter 0, wirelen = 153
Info:     at initial placer iter 1, wirelen = 141
Info:     at initial placer iter 2, wirelen = 134
Info:     at initial placer iter 3, wirelen = 142
Info: Running main analytical placer, max placement attempts per cell = 30628.
Info:     at iteration #1, type ALL: wirelen solved = 134, spread = 1524, legal = 1588; time = 0.01s
Info:     at iteration #2, type ALL: wirelen solved = 166, spread = 1303, legal = 1390; time = 0.01s
Info:     at iteration #3, type ALL: wirelen solved = 210, spread = 1203, legal = 1285; time = 0.01s
Info:     at iteration #4, type ALL: wirelen solved = 215, spread = 1219, legal = 1304; time = 0.01s
Info:     at iteration #5, type ALL: wirelen solved = 252, spread = 1212, legal = 1349; time = 0.01s
Info:     at iteration #6, type ALL: wirelen solved = 291, spread = 1141, legal = 1355; time = 0.01s
Info:     at iteration #7, type ALL: wirelen solved = 329, spread = 1053, legal = 1145; time = 0.01s
Info:     at iteration #8, type ALL: wirelen solved = 377, spread = 1037, legal = 1126; time = 0.01s
Info:     at iteration #9, type ALL: wirelen solved = 411, spread = 1118, legal = 1232; time = 0.01s
Info:     at iteration #10, type ALL: wirelen solved = 385, spread = 976, legal = 1100; time = 0.01s
Info:     at iteration #11, type ALL: wirelen solved = 449, spread = 972, legal = 1062; time = 0.01s
Info:     at iteration #12, type ALL: wirelen solved = 430, spread = 950, legal = 1047; time = 0.01s
Info:     at iteration #13, type ALL: wirelen solved = 442, spread = 931, legal = 1067; time = 0.01s
Info:     at iteration #14, type ALL: wirelen solved = 450, spread = 937, legal = 1098; time = 0.01s
Info:     at iteration #15, type ALL: wirelen solved = 476, spread = 996, legal = 1050; time = 0.01s
Info:     at iteration #16, type ALL: wirelen solved = 509, spread = 1092, legal = 1120; time = 0.01s
Info:     at iteration #17, type ALL: wirelen solved = 535, spread = 874, legal = 1070; time = 0.01s
Info: HeAP Placer Time: 0.22s
Info:   of which solving equations: 0.17s
Info:   of which spreading cells: 0.01s
Info:   of which strict legalisation: 0.01s

Info: Running simulated annealing placer for refinement.
Info:   at iteration #1: temp = 0.000000, timing cost = 86, wirelen = 1047
Info:   at iteration #5: temp = 0.000000, timing cost = 74, wirelen = 853
Info:   at iteration #10: temp = 0.000000, timing cost = 72, wirelen = 786
Info:   at iteration #15: temp = 0.000000, timing cost = 72, wirelen = 755
Info:   at iteration #20: temp = 0.000000, timing cost = 72, wirelen = 737
Info:   at iteration #22: temp = 0.000000, timing cost = 72, wirelen = 731 
Info: SA placement time 0.26s

Info: Max frequency for clock                   'clk': 49.65 MHz (PASS at 25.00 MHz)
Info: Max frequency for clock 'CLK$SB_IO_IN_$glb_clk': 626.57 MHz (PASS at 100.00 MHz)

Info: Max delay posedge clk -> <async>: 3.82 ns

Info: Slack histogram:
Info:  legend: * represents 1 endpoint(s)
Info:          + represents [1,1) endpoint(s)
Info: [  8404,   9915) |*+
Info: [  9915,  11426) | 
Info: [ 11426,  12937) | 
Info: [ 12937,  14448) | 
Info: [ 14448,  15959) | 
Info: [ 15959,  17470) | 
Info: [ 17470,  18981) | 
Info: [ 18981,  20492) |*********+
Info: [ 20492,  22003) |**+
Info: [ 22003,  23514) |**********+
Info: [ 23514,  25025) |**+
Info: [ 25025,  26536) | 
Info: [ 26536,  28047) |*+
Info: [ 28047,  29558) | 
Info: [ 29558,  31069) |*******+
Info: [ 31069,  32580) |**************+
Info: [ 32580,  34091) |****************+
Info: [ 34091,  35602) |****************************** 
Info: [ 35602,  37113) |**********************************************+
Info: [ 37113,  38624) |************************************************************ 
Info: Checksum: 0x588cfbf7

Info: Routing..
Info: Setting up routing queue.
Info: Routing 1378 arcs.
Info:            |   (re-)routed arcs  |   delta    | remaining|       time spent     |
Info:    IterCnt |  w/ripup   wo/ripup |  w/r  wo/r |      arcs| batch(sec) total(sec)|
Info:       1000 |      153        783 |  153   783 |       563|       0.09       0.09|
Info:       1598 |      186       1243 |   33   460 |         0|       0.04       0.13|
Info: Routing complete.
Info: Router1 time 0.13s
Info: Checksum: 0x828c1930

Info: Critical path report for clock 'clk' (posedge -> posedge):
Info:       type curr  total name
Info:   clk-to-q  0.54  0.54 Source state_SB_DFFESS_Q_D_SB_LUT4_O_LC.O
Info:    routing  0.59  1.13 Net state_SB_DFFESR_Q_D_SB_LUT4_O_I3[1] (4,7) -> (4,7)
Info:                          Sink state_SB_DFFESS_Q_D_SB_LUT4_O_I1_SB_LUT4_O_LC.I0
Info:                          Defined in:
Info:                               panel.v:138.39-138.51
Info:                               C:\oss-cad-suite\bin\../share/yosys/ice40/arith_map.v:51.21-51.22
Info:      logic  0.45  1.58 Source state_SB_DFFESS_Q_D_SB_LUT4_O_I1_SB_LUT4_O_LC.O
Info:    routing  0.59  2.16 Net state_SB_DFFESR_Q_D[0] (4,7) -> (5,7)
Info:                          Sink state_SB_DFFESS_Q_D_SB_LUT4_O_I1_SB_LUT4_I0_LC.I0
Info:                          Defined in:
Info:                               panel.v:109.32-109.32
Info:                               panel.v:105.9-112.16
Info:                               C:\oss-cad-suite\bin\../share/yosys/gate2lut.v:29.7-32.6
Info:                               C:\oss-cad-suite\bin\../share/yosys/ice40/cells_map.v:6.21-6.22
Info:      logic  0.45  2.61 Source state_SB_DFFESS_Q_D_SB_LUT4_O_I1_SB_LUT4_I0_LC.O
Info:    routing  0.59  3.20 Net state_SB_DFFESS_Q_D_SB_LUT4_O_I1_SB_LUT4_I0_O[0] (5,7) -> (4,7)
Info:                          Sink state_SB_DFFESS_Q_D_SB_LUT4_O_I1_SB_LUT4_I0_O_SB_LUT4_I1_LC.I0
Info:                          Defined in:
Info:                               panel.v:101.31-101.31
Info:                               panel.v:95.9-104.16
Info:                               C:\oss-cad-suite\bin\../share/yosys/gate2lut.v:29.7-32.6
Info:                               C:\oss-cad-suite\bin\../share/yosys/ice40/cells_map.v:6.21-6.22
Info:      logic  0.45  3.65 Source state_SB_DFFESS_Q_D_SB_LUT4_O_I1_SB_LUT4_I0_O_SB_LUT4_I1_LC.O
Info:    routing  0.59  4.24 Net state_SB_DFFESR_Q_R[0] (4,7) -> (4,7)
Info:                          Sink state_SB_DFFESS_Q_D_SB_LUT4_O_I1_SB_LUT4_I0_O_SB_LUT4_I1_O_SB_LUT4_I0_LC.I0
Info:                          Defined in:
Info:                               C:\oss-cad-suite\bin\../share/yosys/gate2lut.v:29.7-32.6
Info:                               C:\oss-cad-suite\bin\../share/yosys/ice40/cells_map.v:6.21-6.22
Info:      logic  0.45  4.68 Source state_SB_DFFESS_Q_D_SB_LUT4_O_I1_SB_LUT4_I0_O_SB_LUT4_I1_O_SB_LUT4_I0_LC.O
Info:    routing  0.59  5.27 Net state_SB_DFFESS_Q_D_SB_LUT4_O_I1_SB_LUT4_I0_O_SB_LUT4_I1_O_SB_LUT4_I0_O[0] (4,7) -> (4,6)
Info:                          Sink state_SB_DFFESS_Q_D_SB_LUT4_O_I1_SB_LUT4_I0_1_O_SB_LUT4_I0_2_I1_SB_LUT4_I1_O_SB_LUT4_O_1_LC.I0
Info:                          Defined in:
Info:                               panel.v:101.31-101.31
Info:                               panel.v:95.9-104.16
Info:                               C:\oss-cad-suite\bin\../share/yosys/gate2lut.v:29.7-32.6
Info:                               C:\oss-cad-suite\bin\../share/yosys/ice40/cells_map.v:6.21-6.22
Info:      logic  0.45  5.72 Source state_SB_DFFESS_Q_D_SB_LUT4_O_I1_SB_LUT4_I0_1_O_SB_LUT4_I0_2_I1_SB_LUT4_I1_O_SB_LUT4_O_1_LC.O
Info:    routing  0.59  6.31 Net state_SB_DFFESS_Q_D_SB_LUT4_O_I1_SB_LUT4_I0_1_O_SB_LUT4_I0_2_I1_SB_LUT4_I1_O[0] (4,6) -> (4,6)
Info:                          Sink length_SB_LUT4_O_I2_SB_LUT4_O_LC.I0
Info:                          Defined in:
Info:                               panel.v:101.31-101.31
Info:                               panel.v:95.9-104.16
Info:                               C:\oss-cad-suite\bin\../share/yosys/gate2lut.v:29.7-32.6
Info:                               C:\oss-cad-suite\bin\../share/yosys/ice40/cells_map.v:6.21-6.22
Info:      logic  0.45  6.76 Source length_SB_LUT4_O_I2_SB_LUT4_O_LC.O
Info:    routing  0.59  7.34 Net length_SB_LUT4_O_I2[0] (4,6) -> (4,5)
Info:                          Sink length_SB_LUT4_O_LC.I2
Info:                          Defined in:
Info:                               panel.v:101.31-101.31
Info:                               panel.v:95.9-104.16
Info:                               C:\oss-cad-suite\bin\../share/yosys/gate2lut.v:46.7-49.6
Info:                               C:\oss-cad-suite\bin\../share/yosys/ice40/cells_map.v:6.21-6.22
Info:      logic  0.38  7.72 Source length_SB_LUT4_O_LC.O
Info:    routing  1.27  9.00 Net C_SB_DFFESR_Q_D_SB_LUT4_O_I1_SB_LUT4_O_1_I0_SB_LUT4_I1_O_SB_LUT4_O_I3_SB_LUT4_O_I3[1] (4,5) -> (2,4)
Info:                          Sink $nextpnr_ICESTORM_LC_24.I1
Info:                          Defined in:
Info:                               panel.v:93.16-93.22
Info:      logic  0.26  9.26 Source $nextpnr_ICESTORM_LC_24.COUT
Info:    routing  0.00  9.26 Net $nextpnr_ICESTORM_LC_24$O (2,4) -> (2,4)
Info:                          Sink C_SB_DFFESR_Q_D_SB_LUT4_O_I1_SB_LUT4_O_1_I0_SB_LUT4_I1_O_SB_LUT4_O_I3_SB_LUT4_O_I2_SB_LUT4_O_I3_SB_LUT4_O_I3_SB_LUT4_O_LC.CIN
Info:      logic  0.13  9.38 Source C_SB_DFFESR_Q_D_SB_LUT4_O_I1_SB_LUT4_O_1_I0_SB_LUT4_I1_O_SB_LUT4_O_I3_SB_LUT4_O_I2_SB_LUT4_O_I3_SB_LUT4_O_I3_SB_LUT4_O_LC.COUT
Info:    routing  0.00  9.38 Net C_SB_DFFESR_Q_D_SB_LUT4_O_I1_SB_LUT4_O_1_I0_SB_LUT4_I1_O_SB_LUT4_O_I3_SB_LUT4_O_I3[2] (2,4) -> (2,4)
Info:                          Sink C_SB_DFFESR_Q_D_SB_LUT4_O_I1_SB_LUT4_O_1_I0_SB_LUT4_I1_O_SB_LUT4_O_I3_SB_LUT4_O_I2_SB_LUT4_O_I3_SB_LUT4_O_I3_SB_LUT4_O_6_LC.CIN
Info:                          Defined in:
Info:                               panel.v:125.30-125.40
Info:                               C:\oss-cad-suite\bin\../share/yosys/ice40/arith_map.v:51.21-51.22
Info:      logic  0.13  9.51 Source C_SB_DFFESR_Q_D_SB_LUT4_O_I1_SB_LUT4_O_1_I0_SB_LUT4_I1_O_SB_LUT4_O_I3_SB_LUT4_O_I2_SB_LUT4_O_I3_SB_LUT4_O_I3_SB_LUT4_O_6_LC.COUT
Info:    routing  0.00  9.51 Net C_SB_DFFESR_Q_D_SB_LUT4_O_I1_SB_LUT4_O_1_I0_SB_LUT4_I1_O_SB_LUT4_O_I3_SB_LUT4_O_I3[3] (2,4) -> (2,4)
Info:                          Sink C_SB_DFFESR_Q_D_SB_LUT4_O_I1_SB_LUT4_O_1_I0_SB_LUT4_I1_O_SB_LUT4_O_I3_SB_LUT4_O_I2_SB_LUT4_O_I3_SB_LUT4_O_I3_SB_LUT4_O_5_LC.CIN
Info:                          Defined in:
Info:                               panel.v:125.30-125.40
Info:                               C:\oss-cad-suite\bin\../share/yosys/ice40/arith_map.v:51.21-51.22
Info:      logic  0.13  9.63 Source C_SB_DFFESR_Q_D_SB_LUT4_O_I1_SB_LUT4_O_1_I0_SB_LUT4_I1_O_SB_LUT4_O_I3_SB_LUT4_O_I2_SB_LUT4_O_I3_SB_LUT4_O_I3_SB_LUT4_O_5_LC.COUT
Info:    routing  0.00  9.63 Net C_SB_DFFESR_Q_D_SB_LUT4_O_I1_SB_LUT4_O_1_I0_SB_LUT4_I1_O_SB_LUT4_O_I3_SB_LUT4_O_I3[4] (2,4) -> (2,4)
Info:                          Sink C_SB_DFFESR_Q_D_SB_LUT4_O_I1_SB_LUT4_O_1_I0_SB_LUT4_I1_O_SB_LUT4_O_I3_SB_LUT4_O_I2_SB_LUT4_O_I3_SB_LUT4_O_I3_SB_LUT4_O_4_LC.CIN
Info:                          Defined in:
Info:                               panel.v:125.30-125.40
Info:                               C:\oss-cad-suite\bin\../share/yosys/ice40/arith_map.v:51.21-51.22
Info:      logic  0.13  9.76 Source C_SB_DFFESR_Q_D_SB_LUT4_O_I1_SB_LUT4_O_1_I0_SB_LUT4_I1_O_SB_LUT4_O_I3_SB_LUT4_O_I2_SB_LUT4_O_I3_SB_LUT4_O_I3_SB_LUT4_O_4_LC.COUT
Info:    routing  0.00  9.76 Net C_SB_DFFESR_Q_D_SB_LUT4_O_I1_SB_LUT4_O_1_I0_SB_LUT4_I1_O_SB_LUT4_O_I3_SB_LUT4_O_I3[5] (2,4) -> (2,4)
Info:                          Sink C_SB_DFFESR_Q_D_SB_LUT4_O_I1_SB_LUT4_O_1_I0_SB_LUT4_I1_O_SB_LUT4_O_I3_SB_LUT4_O_I2_SB_LUT4_O_I3_SB_LUT4_O_I3_SB_LUT4_O_3_LC.CIN
Info:                          Defined in:
Info:                               panel.v:125.30-125.40
Info:                               C:\oss-cad-suite\bin\../share/yosys/ice40/arith_map.v:51.21-51.22
Info:      logic  0.13  9.89 Source C_SB_DFFESR_Q_D_SB_LUT4_O_I1_SB_LUT4_O_1_I0_SB_LUT4_I1_O_SB_LUT4_O_I3_SB_LUT4_O_I2_SB_LUT4_O_I3_SB_LUT4_O_I3_SB_LUT4_O_3_LC.COUT
Info:    routing  0.00  9.89 Net C_SB_DFFESR_Q_D_SB_LUT4_O_I1_SB_LUT4_O_1_I0_SB_LUT4_I1_O_SB_LUT4_O_I3_SB_LUT4_O_I3[6] (2,4) -> (2,4)
Info:                          Sink C_SB_DFFESR_Q_D_SB_LUT4_O_I1_SB_LUT4_O_1_I0_SB_LUT4_I1_O_SB_LUT4_O_I3_SB_LUT4_O_I2_SB_LUT4_O_I3_SB_LUT4_O_I3_SB_LUT4_O_7_LC.CIN
Info:                          Defined in:
Info:                               panel.v:125.30-125.40
Info:                               C:\oss-cad-suite\bin\../share/yosys/ice40/arith_map.v:51.21-51.22
Info:      logic  0.13  10.01 Source C_SB_DFFESR_Q_D_SB_LUT4_O_I1_SB_LUT4_O_1_I0_SB_LUT4_I1_O_SB_LUT4_O_I3_SB_LUT4_O_I2_SB_LUT4_O_I3_SB_LUT4_O_I3_SB_LUT4_O_7_LC.COUT
Info:    routing  0.00  10.01 Net $nextpnr_ICESTORM_LC_25$I3 (2,4) -> (2,4)
Info:                          Sink $nextpnr_ICESTORM_LC_25.CIN
Info:      logic  0.13  10.14 Source $nextpnr_ICESTORM_LC_25.COUT
Info:    routing  0.20  10.33 Net $nextpnr_ICESTORM_LC_25$COUT (2,4) -> (2,5)
Info:                          Sink C_SB_DFFESR_Q_D_SB_LUT4_O_I1_SB_LUT4_O_1_I0_SB_LUT4_I1_O_SB_LUT4_O_I3_SB_LUT4_O_I2_SB_LUT4_O_2_I3_SB_LUT4_O_LC.CIN
Info:      logic  0.13  10.46 Source C_SB_DFFESR_Q_D_SB_LUT4_O_I1_SB_LUT4_O_1_I0_SB_LUT4_I1_O_SB_LUT4_O_I3_SB_LUT4_O_I2_SB_LUT4_O_2_I3_SB_LUT4_O_LC.COUT
Info:    routing  0.26  10.72 Net $nextpnr_ICESTORM_LC_26$I3 (2,5) -> (2,5)
Info:                          Sink $nextpnr_ICESTORM_LC_26.I3
Info:      logic  0.31  11.03 Source $nextpnr_ICESTORM_LC_26.O
Info:    routing  0.59  11.62 Net C_SB_DFFESR_Q_D_SB_LUT4_O_I1_SB_LUT4_O_1_I0_SB_LUT4_I1_O_SB_LUT4_O_I3_SB_LUT4_O_I3[10] (2,5) -> (2,6)
Info:                          Sink C_SB_DFFESR_Q_D_SB_LUT4_O_I1_SB_LUT4_O_1_I0_SB_LUT4_I1_O_SB_LUT4_O_I3_SB_LUT4_O_I2_SB_LUT4_O_I3_SB_LUT4_O_I3_SB_LUT4_O_2_LC.I0
Info:                          Defined in:
Info:                               panel.v:125.30-125.40
Info:                               C:\oss-cad-suite\bin\../share/yosys/ice40/arith_map.v:51.21-51.22
Info:      logic  0.45  12.07 Source C_SB_DFFESR_Q_D_SB_LUT4_O_I1_SB_LUT4_O_1_I0_SB_LUT4_I1_O_SB_LUT4_O_I3_SB_LUT4_O_I2_SB_LUT4_O_I3_SB_LUT4_O_I3_SB_LUT4_O_2_LC.O
Info:    routing  0.59  12.66 Net C_SB_DFFESR_Q_D_SB_LUT4_O_I1_SB_LUT4_O_1_I0_SB_LUT4_I1_O_SB_LUT4_O_I3_SB_LUT4_O_I2_SB_LUT4_O_I3_SB_LUT4_O_I3[10] (2,6) -> (2,6)
Info:                          Sink C_SB_DFFESR_Q_D_SB_LUT4_O_I1_SB_LUT4_O_1_I0_SB_LUT4_I1_O_SB_LUT4_O_I3_SB_LUT4_O_I2_SB_LUT4_O_1_I3_SB_LUT4_O_1_LC.I1
Info:                          Defined in:
Info:                               panel.v:125.30-125.40
Info:                               C:\oss-cad-suite\bin\../share/yosys/ice40/arith_map.v:33.26-33.27
Info:      logic  0.40  13.06 Source C_SB_DFFESR_Q_D_SB_LUT4_O_I1_SB_LUT4_O_1_I0_SB_LUT4_I1_O_SB_LUT4_O_I3_SB_LUT4_O_I2_SB_LUT4_O_1_I3_SB_LUT4_O_1_LC.O
Info:    routing  0.59  13.64 Net C_SB_DFFESR_Q_D_SB_LUT4_O_I1_SB_LUT4_O_1_I0_SB_LUT4_I1_O_SB_LUT4_O_I3_SB_LUT4_O_I2_SB_LUT4_O_1_I3[0] (2,6) -> (2,6)
Info:                          Sink C_SB_DFFESR_Q_D_SB_LUT4_O_I1_SB_LUT4_O_1_I0_SB_LUT4_I1_O_SB_LUT4_O_I3_SB_LUT4_O_I2_SB_LUT4_O_1_LC.I0
Info:                          Defined in:
Info:                               panel.v:125.21-125.40
Info:                               C:\oss-cad-suite\bin\../share/yosys/gate2lut.v:29.7-32.6
Info:                               C:\oss-cad-suite\bin\../share/yosys/ice40/cells_map.v:6.21-6.22
Info:      logic  0.45  14.09 Source C_SB_DFFESR_Q_D_SB_LUT4_O_I1_SB_LUT4_O_1_I0_SB_LUT4_I1_O_SB_LUT4_O_I3_SB_LUT4_O_I2_SB_LUT4_O_1_LC.O
Info:    routing  0.59  14.68 Net C_SB_DFFESR_Q_D_SB_LUT4_O_I1_SB_LUT4_O_1_I0_SB_LUT4_I1_O_SB_LUT4_O_I3_SB_LUT4_O_I2[1] (2,6) -> (2,5)
Info:                          Sink C_SB_DFFESR_Q_D_SB_LUT4_O_I1_SB_LUT4_O_1_I0_SB_LUT4_I1_O_SB_LUT4_O_I3_SB_LUT4_O_LC.I1
Info:                          Defined in:
Info:                               panel.v:125.21-125.40
Info:                               C:\oss-cad-suite\bin\../share/yosys/gate2lut.v:29.7-32.6
Info:                               C:\oss-cad-suite\bin\../share/yosys/ice40/cells_map.v:6.21-6.22
Info:      logic  0.40  15.08 Source C_SB_DFFESR_Q_D_SB_LUT4_O_I1_SB_LUT4_O_1_I0_SB_LUT4_I1_O_SB_LUT4_O_I3_SB_LUT4_O_LC.O
Info:    routing  1.27  16.35 Net C_SB_DFFESR_Q_D_SB_LUT4_O_I1_SB_LUT4_O_1_I0_SB_LUT4_I1_O_SB_LUT4_I1_O_SB_LUT4_O_2_I1_SB_LUT4_O_I1[3] (2,5) -> (4,3)
Info:                          Sink C_SB_DFFESR_Q_D_SB_LUT4_O_I1_SB_LUT4_O_1_I0_SB_LUT4_I1_O_SB_LUT4_O_I3_SB_LUT4_I0_LC.I0
Info:                          Defined in:
Info:                               panel.v:127.25-127.35
Info:                               panel.v:127.21-138.52
Info:                               C:\oss-cad-suite\bin\../share/yosys/gate2lut.v:83.7-86.6
Info:                               C:\oss-cad-suite\bin\../share/yosys/ice40/cells_map.v:6.21-6.22
Info:      logic  0.45  16.80 Source C_SB_DFFESR_Q_D_SB_LUT4_O_I1_SB_LUT4_O_1_I0_SB_LUT4_I1_O_SB_LUT4_O_I3_SB_LUT4_I0_LC.O
Info:    routing  1.13  17.93 Net C_SB_DFFESR_Q_D_SB_LUT4_O_I1_SB_LUT4_O_1_I0_SB_LUT4_I1_O_SB_LUT4_O_I3_SB_LUT4_I0_O[0] (4,3) -> (4,8)
Info:                          Sink state_SB_DFFESR_Q_R_SB_LUT4_I2_O_SB_LUT4_O_LC.I2
Info:                          Defined in:
Info:                               C:\oss-cad-suite\bin\../share/yosys/gate2lut.v:46.7-49.6
Info:                               C:\oss-cad-suite\bin\../share/yosys/ice40/cells_map.v:6.21-6.22
Info:      logic  0.38  18.31 Source state_SB_DFFESR_Q_R_SB_LUT4_I2_O_SB_LUT4_O_LC.O
Info:    routing  0.59  18.90 Net state_SB_DFFESR_Q_R_SB_LUT4_I2_O[1] (4,8) -> (4,9)
Info:                          Sink state_SB_DFFESR_Q_R_SB_LUT4_I2_O_SB_LUT4_I1_LC.I1
Info:                          Defined in:
Info:                               C:\oss-cad-suite\bin\../share/yosys/gate2lut.v:46.7-49.6
Info:                               C:\oss-cad-suite\bin\../share/yosys/ice40/cells_map.v:6.21-6.22
Info:      logic  0.40  19.29 Source state_SB_DFFESR_Q_R_SB_LUT4_I2_O_SB_LUT4_I1_LC.O
Info:    routing  1.62  20.91 Net state_SB_DFFESR_Q_R_SB_LUT4_I2_O_SB_LUT4_I1_O (4,9) -> (4,9)
Info:                          Sink phase_SB_DFFESR_Q_7_DFFLC.CEN
Info:      setup  0.10  21.01 Source phase_SB_DFFESR_Q_7_DFFLC.CEN
Info: 8.21 ns logic, 12.81 ns routing

Info: Critical path report for clock 'CLK$SB_IO_IN_$glb_clk' (posedge -> posedge):
Info:       type curr  total name
Info:   clk-to-q  0.54  0.54 Source div_SB_DFF_Q_1_D_SB_LUT4_O_LC.O
Info:    routing  0.59  1.13 Net div[0] (6,16) -> (6,16)
Info:                          Sink div_SB_DFF_Q_1_D_SB_LUT4_O_LC.I0
Info:                          Defined in:
Info:                               panel.v:24.15-24.18
Info:      setup  0.47  1.60 Source div_SB_DFF_Q_1_D_SB_LUT4_O_LC.I0
Info: 1.01 ns logic, 0.59 ns routing

Info: Critical path report for cross-domain path 'posedge clk' -> '<async>':
Info:       type curr  total name
Info:   clk-to-q  0.54  0.54 Source uart_bit_SB_DFFE_Q_D_SB_LUT4_O_LC.O
Info:    routing  0.59  1.13 Net TX_SB_LUT4_O_I0[2] (2,12) -> (2,13)
Info:                          Sink TX_SB_LUT4_O_I0_SB_LUT4_O_LC.I0
Info:                          Defined in:
Info:                               panel.v:44.25-44.40
Info:                               C:\oss-cad-suite\bin\../share/yosys/ice40/arith_map.v:51.21-51.22
Info:      logic  0.45  1.58 Source TX_SB_LUT4_O_I0_SB_LUT4_O_LC.O
Info:    routing  0.59  2.16 Net TX_SB_LUT4_O_I0[0] (2,13) -> (2,13)
Info:                          Sink TX_SB_LUT4_O_LC.I0
Info:                          Defined in:
Info:                               panel.v:47.18-47.31
Info:                               C:\oss-cad-suite\bin\../share/yosys/gate2lut.v:29.7-32.6
Info:                               C:\oss-cad-suite\bin\../share/yosys/ice40/cells_map.v:6.21-6.22
Info:      logic  0.45  2.61 Source TX_SB_LUT4_O_LC.O
Info:    routing  1.33  3.94 Net TX$SB_IO_OUT (2,13) -> (0,12)
Info:                          Sink TX$sb_io.D_OUT_0
Info:                          Defined in:
Info:                               panel.v:18.12-18.14
Info: 1.44 ns logic, 2.51 ns routing

Info: Max frequency for clock                   'clk': 47.59 MHz (PASS at 25.00 MHz)
Info: Max frequency for clock 'CLK$SB_IO_IN_$glb_clk': 626.57 MHz (PASS at 100.00 MHz)

Info: Max delay posedge clk -> <async>: 3.94 ns

Info: Slack histogram:
Info:  legend: * represents 1 endpoint(s)
Info:          + represents [1,1) endpoint(s)
Info: [  8404,   9911) |*+
Info: [  9911,  11418) | 
Info: [ 11418,  12925) | 
Info: [ 12925,  14432) | 
Info: [ 14432,  15939) | 
Info: [ 15939,  17446) | 
Info: [ 17446,  18953) | 
Info: [ 18953,  20460) |************+
Info: [ 20460,  21967) |*********+
Info: [ 21967,  23474) |***+
Info: [ 23474,  24981) | 
Info: [ 24981,  26488) | 
Info: [ 26488,  27995) | 
Info: [ 27995,  29502) |*+
Info: [ 29502,  31009) |*******+
Info: [ 31009,  32516) |*****************+
Info: [ 32516,  34023) |***************+
Info: [ 34023,  35530) |*******************************************+
Info: [ 35530,  37037) |************************************+
Info: [ 37037,  38544) |************************************************************ 

Info: Program finished normally.
