Info: constrained 'CLK' to bel 'X0/Y8/io1'
Info: constrained 'R1' to bel 'X0/Y13/io1'
Info: constrained 'G1' to bel 'X0/Y13/io0'
Info: constrained 'B1' to bel 'X0/Y12/io0'
Info: constrained 'R2' to bel 'X0/Y10/io1'
Info: constrained 'G2' to bel 'X0/Y10/io0'
Info: constrained 'B2' to bel 'X0/Y9/io1'
Info: constrained 'A' to bel 'X0/Y9/io0'
Info: constrained 'B' to bel 'X0/Y8/io0'
Info: constrained 'C' to bel 'X0/Y6/io1'
Info: constrained 'SCLK' to bel 'X0/Y6/io0'
Info: constrained 'LAT' to bel 'X0/Y4/io1'
Info: constrained 'OE' to bel 'X0/Y4/io0'
Info: constrained 'LED1' to bel 'X9/Y0/io1'
Info: constrained 'LED2' to bel 'X13/Y3/io1'
Info: constrained 'TX' to bel 'X0/Y12/io1'
Info: constraining clock net 'CLK' to 100.00 MHz
Info: constraining clock net 'clk' to 25.00 MHz

Info: Packing constants..
Info: Packing IOs..
Info: Packing LUT-FFs..
Info:      238 LCs used as LUT4 only
Info:       96 LCs used as LUT4 and DFF
Info: Packing non-LUT FFs..
Info:       11 LCs used as DFF only
Info: Packing carries..
Info:       73 LCs used as CARRY only
Info: Packing indirect carry+LUT pairs...
Info:        1 LUTs merged into carry LCs
Info: Packing RAMs..
Info: Placing PLLs..
Info: Packing special functions..
Info: Packing PLLs..
Info: Promoting globals..
Info: promoting $PACKER_GND_NET (fanout 2)
Info: promoting CLK$SB_IO_IN (fanout 2)
Info: Constraining chains...
Info:       26 LCs used to legalise carry chains.
Info: Checksum: 0x34fedf47

Info: Device utilisation:
Info: 	         ICESTORM_LC:     447/   1280    34%
Info: 	        ICESTORM_RAM:       2/     16    12%
Info: 	               SB_IO:      16/     72    22%
Info: 	               SB_GB:       3/      8    37%
Info: 	         SB_WARMBOOT:       0/      1     0%

Info: Placed 16 cells based on constraints.
Info: Creating initial analytic placement for 279 cells, random placement wirelen = 4529.
Info:     at initial placer iter 0, wirelen = 130
Info:     at initial placer iter 1, wirelen = 120
Info:     at initial placer iter 2, wirelen = 102
Info:     at initial placer iter 3, wirelen = 136
Info: Running main analytical placer, max placement attempts per cell = 27378.
Info:     at iteration #1, type ALL: wirelen solved = 105, spread = 1382, legal = 1536; time = 0.01s
Info:     at iteration #2, type ALL: wirelen solved = 140, spread = 1526, legal = 1612; time = 0.01s
Info:     at iteration #3, type ALL: wirelen solved = 199, spread = 1235, legal = 1350; time = 0.01s
Info:     at iteration #4, type ALL: wirelen solved = 255, spread = 1082, legal = 1251; time = 0.01s
Info:     at iteration #5, type ALL: wirelen solved = 289, spread = 1008, legal = 1119; time = 0.01s
Info:     at iteration #6, type ALL: wirelen solved = 279, spread = 978, legal = 1095; time = 0.01s
Info:     at iteration #7, type ALL: wirelen solved = 312, spread = 966, legal = 1059; time = 0.01s
Info:     at iteration #8, type ALL: wirelen solved = 325, spread = 989, legal = 1117; time = 0.01s
Info:     at iteration #9, type ALL: wirelen solved = 395, spread = 984, legal = 1082; time = 0.01s
Info:     at iteration #10, type ALL: wirelen solved = 391, spread = 1090, legal = 1202; time = 0.01s
Info:     at iteration #11, type ALL: wirelen solved = 458, spread = 1027, legal = 1150; time = 0.01s
Info:     at iteration #12, type ALL: wirelen solved = 484, spread = 973, legal = 1137; time = 0.01s
Info: HeAP Placer Time: 0.15s
Info:   of which solving equations: 0.12s
Info:   of which spreading cells: 0.01s
Info:   of which strict legalisation: 0.01s

Info: Running simulated annealing placer for refinement.
Info:   at iteration #1: temp = 0.000000, timing cost = 90, wirelen = 1059
Info:   at iteration #5: temp = 0.000000, timing cost = 71, wirelen = 870
Info:   at iteration #8: temp = 0.000000, timing cost = 71, wirelen = 822 
Info: SA placement time 0.09s

Info: Max frequency for clock                   'clk': 53.47 MHz (PASS at 25.00 MHz)
Info: Max frequency for clock 'CLK$SB_IO_IN_$glb_clk': 626.57 MHz (PASS at 100.00 MHz)

Info: Clock '$PACKER_GND_NET_$glb_clk' has no interior paths

Info: Max delay posedge clk -> <async>: 3.20 ns

Info: Slack histogram:
Info:  legend: * represents 2 endpoint(s)
Info:          + represents [1,2) endpoint(s)
Info: [  8404,   9915) |*+
Info: [  9915,  11426) | 
Info: [ 11426,  12937) | 
Info: [ 12937,  14448) | 
Info: [ 14448,  15959) | 
Info: [ 15959,  17470) | 
Info: [ 17470,  18981) | 
Info: [ 18981,  20492) | 
Info: [ 20492,  22003) |******+
Info: [ 22003,  23514) |********* 
Info: [ 23514,  25025) |**+
Info: [ 25025,  26536) | 
Info: [ 26536,  28047) |**+
Info: [ 28047,  29558) | 
Info: [ 29558,  31069) |******+
Info: [ 31069,  32580) |**************+
Info: [ 32580,  34091) |********+
Info: [ 34091,  35602) |********************+
Info: [ 35602,  37113) |****************************+
Info: [ 37113,  38624) |************************************************************ 
Info: Checksum: 0x9d2e77a6

Info: Routing..
Info: Setting up routing queue.
Info: Routing 1356 arcs.
Info:            |   (re-)routed arcs  |   delta    | remaining|       time spent     |
Info:    IterCnt |  w/ripup   wo/ripup |  w/r  wo/r |      arcs| batch(sec) total(sec)|
Info:       1000 |      137        796 |  137   796 |       557|       0.13       0.13|
Info:       1676 |      248       1277 |  111   481 |         0|       0.06       0.19|
Info: Routing complete.
Info: Router1 time 0.19s
Info: Checksum: 0xcafdf4df

Info: Critical path report for clock 'clk' (posedge -> posedge):
Info:       type curr  total name
Info:   clk-to-q  0.54  0.54 Source state_SB_DFFESS_Q_2_D_SB_LUT4_O_LC.O
Info:    routing  0.59  1.13 Net state_SB_DFFESR_Q_D_SB_LUT4_O_I3[1] (6,13) -> (7,13)
Info:                          Sink state_SB_DFFESS_Q_2_D_SB_LUT4_O_I1_SB_LUT4_O_LC.I0
Info:                          Defined in:
Info:                               panel.v:151.39-151.51
Info:                               C:\oss-cad-suite\bin\../share/yosys/ice40/arith_map.v:51.21-51.22
Info:      logic  0.45  1.58 Source state_SB_DFFESS_Q_2_D_SB_LUT4_O_I1_SB_LUT4_O_LC.O
Info:    routing  0.59  2.16 Net state_SB_DFFESR_Q_D[0] (7,13) -> (7,12)
Info:                          Sink state_SB_DFFESS_Q_2_D_SB_LUT4_O_I1_SB_LUT4_I0_LC.I0
Info:                          Defined in:
Info:                               panel.v:143.30-143.42
Info:                               panel.v:143.26-151.52
Info:                               C:\oss-cad-suite\bin\../share/yosys/gate2lut.v:46.7-49.6
Info:                               C:\oss-cad-suite\bin\../share/yosys/ice40/cells_map.v:6.21-6.22
Info:      logic  0.45  2.61 Source state_SB_DFFESS_Q_2_D_SB_LUT4_O_I1_SB_LUT4_I0_LC.O
Info:    routing  0.59  3.20 Net state_SB_DFFESS_Q_2_D_SB_LUT4_O_I1_SB_LUT4_I0_O[0] (7,12) -> (6,13)
Info:                          Sink state_SB_DFFESS_Q_2_D_SB_LUT4_O_I1_SB_LUT4_I0_O_SB_LUT4_I1_LC.I0
Info:                          Defined in:
Info:                               panel.v:107.31-107.31
Info:                               panel.v:101.9-110.16
Info:                               C:\oss-cad-suite\bin\../share/yosys/gate2lut.v:29.7-32.6
Info:                               C:\oss-cad-suite\bin\../share/yosys/ice40/cells_map.v:6.21-6.22
Info:      logic  0.45  3.65 Source state_SB_DFFESS_Q_2_D_SB_LUT4_O_I1_SB_LUT4_I0_O_SB_LUT4_I1_LC.O
Info:    routing  0.59  4.24 Net state_SB_DFFESR_Q_R[0] (6,13) -> (6,14)
Info:                          Sink length_SB_LUT4_O_I0_SB_LUT4_O_1_LC.I0
Info:                          Defined in:
Info:                               panel.v:143.30-143.42
Info:                               panel.v:143.26-151.52
Info:                               C:\oss-cad-suite\bin\../share/yosys/gate2lut.v:46.7-49.6
Info:                               C:\oss-cad-suite\bin\../share/yosys/ice40/cells_map.v:6.21-6.22
Info:      logic  0.45  4.68 Source length_SB_LUT4_O_I0_SB_LUT4_O_1_LC.O
Info:    routing  0.59  5.27 Net length_SB_LUT4_O_I0[0] (6,14) -> (6,13)
Info:                          Sink state_SB_DFFESS_Q_2_D_SB_LUT4_O_I1_SB_LUT4_I0_1_O_SB_LUT4_I0_O_SB_LUT4_O_I0_SB_LUT4_I0_O_SB_LUT4_O_2_LC.I0
Info:                          Defined in:
Info:                               panel.v:107.31-107.31
Info:                               panel.v:101.9-110.16
Info:                               C:\oss-cad-suite\bin\../share/yosys/gate2lut.v:29.7-32.6
Info:                               C:\oss-cad-suite\bin\../share/yosys/ice40/cells_map.v:6.21-6.22
Info:      logic  0.45  5.72 Source state_SB_DFFESS_Q_2_D_SB_LUT4_O_I1_SB_LUT4_I0_1_O_SB_LUT4_I0_O_SB_LUT4_O_I0_SB_LUT4_I0_O_SB_LUT4_O_2_LC.O
Info:    routing  0.59  6.31 Net state_SB_DFFESS_Q_2_D_SB_LUT4_O_I1_SB_LUT4_I0_1_O_SB_LUT4_I0_O_SB_LUT4_O_I0_SB_LUT4_I0_O[0] (6,13) -> (5,13)
Info:                          Sink length_SB_LUT4_O_I2_SB_LUT4_O_LC.I0
Info:                          Defined in:
Info:                               panel.v:107.31-107.31
Info:                               panel.v:101.9-110.16
Info:                               C:\oss-cad-suite\bin\../share/yosys/gate2lut.v:29.7-32.6
Info:                               C:\oss-cad-suite\bin\../share/yosys/ice40/cells_map.v:6.21-6.22
Info:      logic  0.45  6.76 Source length_SB_LUT4_O_I2_SB_LUT4_O_LC.O
Info:    routing  0.59  7.34 Net length_SB_LUT4_O_I2[7] (5,13) -> (6,12)
Info:                          Sink length_SB_LUT4_O_LC.I2
Info:                          Defined in:
Info:                               panel.v:131.30-131.40
Info:                               C:\oss-cad-suite\bin\../share/yosys/ice40/arith_map.v:33.23-33.24
Info:      logic  0.38  7.72 Source length_SB_LUT4_O_LC.O
Info:    routing  0.59  8.31 Net length[0] (6,12) -> (5,11)
Info:                          Sink $nextpnr_ICESTORM_LC_14.I1
Info:                          Defined in:
Info:                               panel.v:131.30-131.40
Info:                               C:\oss-cad-suite\bin\../share/yosys/ice40/arith_map.v:51.21-51.22
Info:      logic  0.26  8.57 Source $nextpnr_ICESTORM_LC_14.COUT
Info:    routing  0.00  8.57 Net $nextpnr_ICESTORM_LC_14$O (5,11) -> (5,11)
Info:                          Sink phase_SB_DFFESR_Q_D_SB_LUT4_I0_O_SB_LUT4_I3_O_SB_LUT4_O_1_I3_SB_LUT4_O_I2_SB_LUT4_O_I3_SB_LUT4_O_I3_SB_LUT4_O_LC.CIN
Info:      logic  0.13  8.69 Source phase_SB_DFFESR_Q_D_SB_LUT4_I0_O_SB_LUT4_I3_O_SB_LUT4_O_1_I3_SB_LUT4_O_I2_SB_LUT4_O_I3_SB_LUT4_O_I3_SB_LUT4_O_LC.COUT
Info:    routing  0.00  8.69 Net phase_SB_DFFESR_Q_D_SB_LUT4_I0_O_SB_LUT4_I3_O_SB_LUT4_O_1_I3_SB_LUT4_O_I3[2] (5,11) -> (5,11)
Info:                          Sink phase_SB_DFFESR_Q_D_SB_LUT4_I0_O_SB_LUT4_I3_O_SB_LUT4_O_1_I3_SB_LUT4_O_I2_SB_LUT4_O_I3_SB_LUT4_O_I3_SB_LUT4_O_5_LC.CIN
Info:                          Defined in:
Info:                               panel.v:131.30-131.40
Info:                               C:\oss-cad-suite\bin\../share/yosys/ice40/arith_map.v:51.21-51.22
Info:      logic  0.13  8.82 Source phase_SB_DFFESR_Q_D_SB_LUT4_I0_O_SB_LUT4_I3_O_SB_LUT4_O_1_I3_SB_LUT4_O_I2_SB_LUT4_O_I3_SB_LUT4_O_I3_SB_LUT4_O_5_LC.COUT
Info:    routing  0.00  8.82 Net phase_SB_DFFESR_Q_D_SB_LUT4_I0_O_SB_LUT4_I3_O_SB_LUT4_O_1_I3_SB_LUT4_O_I3[3] (5,11) -> (5,11)
Info:                          Sink phase_SB_DFFESR_Q_D_SB_LUT4_I0_O_SB_LUT4_I3_O_SB_LUT4_O_1_I3_SB_LUT4_O_I2_SB_LUT4_O_I3_SB_LUT4_O_I3_SB_LUT4_O_4_LC.CIN
Info:                          Defined in:
Info:                               panel.v:131.30-131.40
Info:                               C:\oss-cad-suite\bin\../share/yosys/ice40/arith_map.v:51.21-51.22
Info:      logic  0.13  8.95 Source phase_SB_DFFESR_Q_D_SB_LUT4_I0_O_SB_LUT4_I3_O_SB_LUT4_O_1_I3_SB_LUT4_O_I2_SB_LUT4_O_I3_SB_LUT4_O_I3_SB_LUT4_O_4_LC.COUT
Info:    routing  0.00  8.95 Net phase_SB_DFFESR_Q_D_SB_LUT4_I0_O_SB_LUT4_I3_O_SB_LUT4_O_1_I3_SB_LUT4_O_I3[4] (5,11) -> (5,11)
Info:                          Sink phase_SB_DFFESR_Q_D_SB_LUT4_I0_O_SB_LUT4_I3_O_SB_LUT4_O_1_I3_SB_LUT4_O_I2_SB_LUT4_O_I3_SB_LUT4_O_I3_SB_LUT4_O_3_LC.CIN
Info:                          Defined in:
Info:                               panel.v:131.30-131.40
Info:                               C:\oss-cad-suite\bin\../share/yosys/ice40/arith_map.v:51.21-51.22
Info:      logic  0.13  9.07 Source phase_SB_DFFESR_Q_D_SB_LUT4_I0_O_SB_LUT4_I3_O_SB_LUT4_O_1_I3_SB_LUT4_O_I2_SB_LUT4_O_I3_SB_LUT4_O_I3_SB_LUT4_O_3_LC.COUT
Info:    routing  0.00  9.07 Net phase_SB_DFFESR_Q_D_SB_LUT4_I0_O_SB_LUT4_I3_O_SB_LUT4_O_1_I3_SB_LUT4_O_I3[5] (5,11) -> (5,11)
Info:                          Sink phase_SB_DFFESR_Q_D_SB_LUT4_I0_O_SB_LUT4_I3_O_SB_LUT4_O_1_I3_SB_LUT4_O_I2_SB_LUT4_O_I3_SB_LUT4_O_I3_SB_LUT4_O_2_LC.CIN
Info:                          Defined in:
Info:                               panel.v:131.30-131.40
Info:                               C:\oss-cad-suite\bin\../share/yosys/ice40/arith_map.v:51.21-51.22
Info:      logic  0.13  9.20 Source phase_SB_DFFESR_Q_D_SB_LUT4_I0_O_SB_LUT4_I3_O_SB_LUT4_O_1_I3_SB_LUT4_O_I2_SB_LUT4_O_I3_SB_LUT4_O_I3_SB_LUT4_O_2_LC.COUT
Info:    routing  0.00  9.20 Net phase_SB_DFFESR_Q_D_SB_LUT4_I0_O_SB_LUT4_I3_O_SB_LUT4_O_1_I3_SB_LUT4_O_I3[6] (5,11) -> (5,11)
Info:                          Sink phase_SB_DFFESR_Q_D_SB_LUT4_I0_O_SB_LUT4_I3_O_SB_LUT4_O_1_I3_SB_LUT4_O_I2_SB_LUT4_O_I3_SB_LUT4_O_I3_SB_LUT4_O_7_LC.CIN
Info:                          Defined in:
Info:                               panel.v:131.30-131.40
Info:                               C:\oss-cad-suite\bin\../share/yosys/ice40/arith_map.v:51.21-51.22
Info:      logic  0.13  9.32 Source phase_SB_DFFESR_Q_D_SB_LUT4_I0_O_SB_LUT4_I3_O_SB_LUT4_O_1_I3_SB_LUT4_O_I2_SB_LUT4_O_I3_SB_LUT4_O_I3_SB_LUT4_O_7_LC.COUT
Info:    routing  0.00  9.32 Net phase_SB_DFFESR_Q_D_SB_LUT4_I0_O_SB_LUT4_I3_O_SB_LUT4_O_1_I3_SB_LUT4_O_I3[7] (5,11) -> (5,11)
Info:                          Sink phase_SB_DFFESR_Q_D_SB_LUT4_I0_O_SB_LUT4_I3_O_SB_LUT4_O_1_I3_SB_LUT4_O_I2_SB_LUT4_O_I3_SB_LUT4_O_I3_SB_LUT4_O_6_LC.CIN
Info:                          Defined in:
Info:                               panel.v:131.30-131.40
Info:                               C:\oss-cad-suite\bin\../share/yosys/ice40/arith_map.v:51.21-51.22
Info:      logic  0.13  9.45 Source phase_SB_DFFESR_Q_D_SB_LUT4_I0_O_SB_LUT4_I3_O_SB_LUT4_O_1_I3_SB_LUT4_O_I2_SB_LUT4_O_I3_SB_LUT4_O_I3_SB_LUT4_O_6_LC.COUT
Info:    routing  0.20  9.65 Net $nextpnr_ICESTORM_LC_15$I3 (5,11) -> (5,12)
Info:                          Sink $nextpnr_ICESTORM_LC_15.CIN
Info:      logic  0.13  9.77 Source $nextpnr_ICESTORM_LC_15.COUT
Info:    routing  0.00  9.77 Net $nextpnr_ICESTORM_LC_15$COUT (5,12) -> (5,12)
Info:                          Sink phase_SB_DFFESR_Q_D_SB_LUT4_I0_O_SB_LUT4_I3_O_SB_LUT4_O_1_I3_SB_LUT4_O_I2_SB_LUT4_O_2_I3_SB_LUT4_O_LC.CIN
Info:      logic  0.13  9.90 Source phase_SB_DFFESR_Q_D_SB_LUT4_I0_O_SB_LUT4_I3_O_SB_LUT4_O_1_I3_SB_LUT4_O_I2_SB_LUT4_O_2_I3_SB_LUT4_O_LC.COUT
Info:    routing  0.26  10.16 Net $nextpnr_ICESTORM_LC_16$I3 (5,12) -> (5,12)
Info:                          Sink $nextpnr_ICESTORM_LC_16.I3
Info:      logic  0.31  10.47 Source $nextpnr_ICESTORM_LC_16.O
Info:    routing  0.59  11.06 Net phase_SB_DFFESR_Q_D_SB_LUT4_I0_O_SB_LUT4_I3_O_SB_LUT4_O_1_I3_SB_LUT4_O_I3[10] (5,12) -> (6,13)
Info:                          Sink phase_SB_DFFESR_Q_D_SB_LUT4_I0_O_SB_LUT4_I3_O_SB_LUT4_O_1_I3_SB_LUT4_O_I2_SB_LUT4_O_I3_SB_LUT4_O_I3_SB_LUT4_O_1_LC.I0
Info:                          Defined in:
Info:                               panel.v:131.30-131.40
Info:                               C:\oss-cad-suite\bin\../share/yosys/ice40/arith_map.v:51.21-51.22
Info:      logic  0.45  11.51 Source phase_SB_DFFESR_Q_D_SB_LUT4_I0_O_SB_LUT4_I3_O_SB_LUT4_O_1_I3_SB_LUT4_O_I2_SB_LUT4_O_I3_SB_LUT4_O_I3_SB_LUT4_O_1_LC.O
Info:    routing  0.59  12.10 Net phase_SB_DFFESR_Q_D_SB_LUT4_I0_O_SB_LUT4_I3_O_SB_LUT4_O_1_I3_SB_LUT4_O_I2_SB_LUT4_O_I3_SB_LUT4_O_I3[10] (6,13) -> (5,14)
Info:                          Sink phase_SB_DFFESR_Q_D_SB_LUT4_I0_O_SB_LUT4_I3_O_SB_LUT4_O_1_I3_SB_LUT4_O_I2_SB_LUT4_O_1_I3_SB_LUT4_O_1_LC.I1
Info:                          Defined in:
Info:                               panel.v:131.30-131.40
Info:                               C:\oss-cad-suite\bin\../share/yosys/ice40/arith_map.v:33.26-33.27
Info:      logic  0.40  12.50 Source phase_SB_DFFESR_Q_D_SB_LUT4_I0_O_SB_LUT4_I3_O_SB_LUT4_O_1_I3_SB_LUT4_O_I2_SB_LUT4_O_1_I3_SB_LUT4_O_1_LC.O
Info:    routing  0.59  13.08 Net phase_SB_DFFESR_Q_D_SB_LUT4_I0_O_SB_LUT4_I3_O_SB_LUT4_O_1_I3_SB_LUT4_O_I2_SB_LUT4_O_1_I3[0] (5,14) -> (5,13)
Info:                          Sink phase_SB_DFFESR_Q_D_SB_LUT4_I0_O_SB_LUT4_I3_O_SB_LUT4_O_1_I3_SB_LUT4_O_I2_SB_LUT4_O_1_LC.I0
Info:                          Defined in:
Info:                               panel.v:131.21-131.40
Info:                               C:\oss-cad-suite\bin\../share/yosys/gate2lut.v:29.7-32.6
Info:                               C:\oss-cad-suite\bin\../share/yosys/ice40/cells_map.v:6.21-6.22
Info:      logic  0.45  13.53 Source phase_SB_DFFESR_Q_D_SB_LUT4_I0_O_SB_LUT4_I3_O_SB_LUT4_O_1_I3_SB_LUT4_O_I2_SB_LUT4_O_1_LC.O
Info:    routing  0.59  14.12 Net phase_SB_DFFESR_Q_D_SB_LUT4_I0_O_SB_LUT4_I3_O_SB_LUT4_O_1_I3_SB_LUT4_O_I2[1] (5,13) -> (5,12)
Info:                          Sink phase_SB_DFFESR_Q_D_SB_LUT4_I0_O_SB_LUT4_I3_O_SB_LUT4_O_1_I3_SB_LUT4_O_LC.I1
Info:                          Defined in:
Info:                               panel.v:131.21-131.40
Info:                               C:\oss-cad-suite\bin\../share/yosys/gate2lut.v:29.7-32.6
Info:                               C:\oss-cad-suite\bin\../share/yosys/ice40/cells_map.v:6.21-6.22
Info:      logic  0.40  14.52 Source phase_SB_DFFESR_Q_D_SB_LUT4_I0_O_SB_LUT4_I3_O_SB_LUT4_O_1_I3_SB_LUT4_O_LC.O
Info:    routing  0.59  15.11 Net phase_SB_DFFESR_Q_D_SB_LUT4_I0_O_SB_LUT4_I3_O_SB_LUT4_O_1_I3[3] (5,12) -> (4,11)
Info:                          Sink phase_SB_DFFESR_Q_D_SB_LUT4_I0_O_SB_LUT4_I3_O_SB_LUT4_O_1_I3_SB_LUT4_I0_LC.I0
Info:                          Defined in:
Info:                               panel.v:133.25-133.35
Info:                               panel.v:133.21-151.52
Info:                               C:\oss-cad-suite\bin\../share/yosys/gate2lut.v:83.7-86.6
Info:                               C:\oss-cad-suite\bin\../share/yosys/ice40/cells_map.v:6.21-6.22
Info:      logic  0.45  15.56 Source phase_SB_DFFESR_Q_D_SB_LUT4_I0_O_SB_LUT4_I3_O_SB_LUT4_O_1_I3_SB_LUT4_I0_LC.O
Info:    routing  1.27  16.83 Net phase_SB_DFFESR_Q_D_SB_LUT4_I0_O_SB_LUT4_I3_O_SB_LUT4_O_1_I3_SB_LUT4_I0_O[0] (4,11) -> (7,14)
Info:                          Sink LED1_SB_LUT4_I2_I1_SB_LUT4_O_LC.I0
Info:                          Defined in:
Info:                               C:\oss-cad-suite\bin\../share/yosys/gate2lut.v:46.7-49.6
Info:                               C:\oss-cad-suite\bin\../share/yosys/ice40/cells_map.v:6.21-6.22
Info:      logic  0.45  17.28 Source LED1_SB_LUT4_I2_I1_SB_LUT4_O_LC.O
Info:    routing  0.59  17.86 Net LED1_SB_LUT4_I2_I1[1] (7,14) -> (7,14)
Info:                          Sink LED1_SB_LUT4_I2_LC.I1
Info:                          Defined in:
Info:                               C:\oss-cad-suite\bin\../share/yosys/gate2lut.v:46.7-49.6
Info:                               C:\oss-cad-suite\bin\../share/yosys/ice40/cells_map.v:6.21-6.22
Info:      logic  0.40  18.26 Source LED1_SB_LUT4_I2_LC.O
Info:    routing  1.30  19.57 Net LED1_SB_LUT4_I2_O (7,14) -> (7,15)
Info:                          Sink visible_uploads_SB_DFFE_Q_1_D_SB_LUT4_O_LC.CEN
Info:      setup  0.10  19.67 Source visible_uploads_SB_DFFE_Q_1_D_SB_LUT4_O_LC.CEN
Info: 8.40 ns logic, 11.26 ns routing

Info: Critical path report for clock 'CLK$SB_IO_IN_$glb_clk' (posedge -> posedge):
Info:       type curr  total name
Info:   clk-to-q  0.54  0.54 Source div_SB_DFF_Q_D_SB_LUT4_O_LC.O
Info:    routing  0.59  1.13 Net div[1] (6,1) -> (6,1)
Info:                          Sink div_SB_DFF_Q_D_SB_LUT4_O_LC.I0
Info:                          Defined in:
Info:                               panel.v:26.34-26.44
Info:                               C:\oss-cad-suite\bin\../share/yosys/techmap.v:287.21-287.22
Info:      setup  0.47  1.60 Source div_SB_DFF_Q_D_SB_LUT4_O_LC.I0
Info: 1.01 ns logic, 0.59 ns routing

Info: Critical path report for cross-domain path 'posedge clk' -> '<async>':
Info:       type curr  total name
Info:   clk-to-q  0.54  0.54 Source uart_bit_SB_DFFE_Q_D_SB_LUT4_O_3_LC.O
Info:    routing  0.96  1.50 Net uart_bit[2] (2,13) -> (1,13)
Info:                          Sink TX_SB_LUT4_O_I0_SB_LUT4_O_LC.I2
Info:                          Defined in:
Info:                               panel.v:42.15-42.23
Info:      logic  0.38  1.88 Source TX_SB_LUT4_O_I0_SB_LUT4_O_LC.O
Info:    routing  0.59  2.46 Net TX_SB_LUT4_O_I0[0] (1,13) -> (1,13)
Info:                          Sink TX_SB_LUT4_O_LC.I0
Info:                          Defined in:
Info:                               panel.v:49.18-49.31
Info:                               C:\oss-cad-suite\bin\../share/yosys/gate2lut.v:29.7-32.6
Info:                               C:\oss-cad-suite\bin\../share/yosys/ice40/cells_map.v:6.21-6.22
Info:      logic  0.45  2.91 Source TX_SB_LUT4_O_LC.O
Info:    routing  0.59  3.50 Net TX$SB_IO_OUT (1,13) -> (0,12)
Info:                          Sink TX$sb_io.D_OUT_0
Info:                          Defined in:
Info:                               panel.v:19.12-19.14
Info: 1.37 ns logic, 2.13 ns routing

Info: Max frequency for clock                   'clk': 50.85 MHz (PASS at 25.00 MHz)
Info: Max frequency for clock 'CLK$SB_IO_IN_$glb_clk': 626.57 MHz (PASS at 100.00 MHz)

Info: Clock '$PACKER_GND_NET_$glb_clk' has no interior paths

Info: Max delay posedge clk -> <async>: 3.50 ns

Info: Slack histogram:
Info:  legend: * represents 1 endpoint(s)
Info:          + represents [1,1) endpoint(s)
Info: [  8404,   9911) |*+
Info: [  9911,  11418) | 
Info: [ 11418,  12925) | 
Info: [ 12925,  14432) | 
Info: [ 14432,  15939) | 
Info: [ 15939,  17446) | 
Info: [ 17446,  18953) | 
Info: [ 18953,  20460) |*+
Info: [ 20460,  21967) |*********+
Info: [ 21967,  23474) |*********+
Info: [ 23474,  24981) |**+
Info: [ 24981,  26488) | 
Info: [ 26488,  27995) |***+
Info: [ 27995,  29502) |****+
Info: [ 29502,  31009) |*****+
Info: [ 31009,  32516) |***************+
Info: [ 32516,  34023) |*********+
Info: [ 34023,  35530) |*************************************+
Info: [ 35530,  37037) |*******************************+
Info: [ 37037,  38544) |************************************************************ 

Info: Program finished normally.
