{
  "wave_bytes": 137194,
  "descriptors": 1138,
  "descriptor_bytes": 18208,
  "startup_seconds": 0.74946272,
  "gpio_base": 2,
  "gpio_count": 12,
  "sample_ns": 320,
  "sclk_hz": 1562500
}
Using PICO_SDK_PATH from environment ('C:\Users\user\.cache\pico-panel\pico-sdk')
PICO_SDK_PATH is C:/Users/user/.cache/pico-panel/pico-sdk
Target board (PICO_BOARD) is 'vcc-gnd_yd-rp2040_8m'.
Using board configuration from C:/Users/user/.cache/pico-panel/pico-sdk/src/boards/include/boards/vcc-gnd_yd-rp2040_8m.h
Defaulting platform (PICO_PLATFORM) to 'rp2040' based on PICO_BOARD setting.
Detected GCC so defaulting PICO_COMPILER to `pico_arm_cortex_m0plus_gcc`
Configuring toolchain based on PICO_COMPILER 'pico_arm_cortex_m0plus_gcc'
Defaulting PICO_GCC_TRIPLE to 'arm-none-eabi'
-- The C compiler identification is GNU 15.2.1
-- The CXX compiler identification is GNU 15.2.1
-- The ASM compiler identification is GNU
-- Found assembler: C:/Users/user/.cache/pico-panel/arm/bin/arm-none-eabi-gcc.exe
-- Detecting C compiler ABI info
-- Detecting C compiler ABI info - done
-- Check for working C compiler: C:/Users/user/.cache/pico-panel/arm/bin/arm-none-eabi-gcc.exe - skipped
-- Detecting C compile features
-- Detecting C compile features - done
-- Detecting CXX compiler ABI info
-- Detecting CXX compiler ABI info - done
-- Check for working CXX compiler: C:/Users/user/.cache/pico-panel/arm/bin/arm-none-eabi-g++.exe - skipped
-- Detecting CXX compile features
-- Detecting CXX compile features - done
Build type is Release
-- Found Python3: C:/Users/user/AppData/Local/Programs/Python/Python313/python.exe (found version "3.13.1") found components: Interpreter
-- Detected native TLS (__aeabi_read_tp)
TinyUSB available at C:/Users/user/.cache/pico-panel/pico-sdk/lib/tinyusb/hw/bsp/rp2040; enabling build support for USB.
C library type is newlib
Using picotool from C:/Users/user/.cache/pico-panel/picotool-2.3.1-x64-win/picotool/picotool.exe
-- Configuring done (1.9s)
-- Generating done (0.3s)
-- Build files have been written to: C:/Users/user/Documents/fpga/pico/build
[1/96] Generating panel_wave.pio.h
[2/96] Building ASM object pico-sdk/src/rp2040/boot_stage2/CMakeFiles/bs2_default.dir/compile_time_choice.S.obj
[3/96] Linking ASM executable pico-sdk\src\rp2040\boot_stage2\bs2_default.elf
[4/96] Generating bs2_default.bin
[5/96] Generating bs2_default_padded_checksummed.S
[6/96] Building C object CMakeFiles/pico_panel.dir/C_/Users/user/.cache/pico-panel/pico-sdk/src/rp2_common/pico_platform_common/common.c.obj
[7/96] Building ASM object CMakeFiles/pico_panel.dir/C_/Users/user/.cache/pico-panel/pico-sdk/src/rp2_common/pico_platform_panic/custom_panic_function.S.obj
[8/96] Building C object CMakeFiles/pico_panel.dir/C_/Users/user/.cache/pico-panel/pico-sdk/src/rp2040/pico_platform/platform.c.obj
[9/96] Building C object CMakeFiles/pico_panel.dir/C_/Users/user/.cache/pico-panel/pico-sdk/src/rp2_common/pico_stdlib/stdlib.c.obj
[10/96] Building C object CMakeFiles/pico_panel.dir/C_/Users/user/.cache/pico-panel/pico-sdk/src/common/hardware_claim/claim.c.obj
[11/96] Building C object CMakeFiles/pico_panel.dir/C_/Users/user/.cache/pico-panel/pico-sdk/src/rp2_common/pico_platform_panic/panic.c.obj
[12/96] Building C object CMakeFiles/pico_panel.dir/C_/Users/user/.cache/pico-panel/pico-sdk/src/rp2_common/hardware_gpio/gpio.c.obj
[13/96] Building ASM object CMakeFiles/pico_panel.dir/C_/Users/user/.cache/pico-panel/pico-sdk/src/rp2_common/hardware_irq/irq_handler_chain.S.obj
[14/96] Building C object CMakeFiles/pico_panel.dir/C_/Users/user/.cache/pico-panel/pico-sdk/src/rp2_common/hardware_sync/sync.c.obj
[15/96] Building C object CMakeFiles/pico_panel.dir/C_/Users/user/.cache/pico-panel/pico-sdk/src/rp2_common/hardware_sync_spin_lock/sync_spin_lock.c.obj
[16/96] Building C object CMakeFiles/pico_panel.dir/C_/Users/user/.cache/pico-panel/pico-sdk/src/common/pico_sync/lock_core.c.obj
[17/96] Building C object CMakeFiles/pico_panel.dir/C_/Users/user/.cache/pico-panel/pico-sdk/src/common/pico_sync/sem.c.obj
[18/96] Building CXX object CMakeFiles/pico_panel.dir/main.cpp.obj
[19/96] Building C object CMakeFiles/pico_panel.dir/C_/Users/user/.cache/pico-panel/pico-sdk/src/rp2_common/hardware_irq/irq.c.obj
[20/96] Building C object CMakeFiles/pico_panel.dir/C_/Users/user/.cache/pico-panel/pico-sdk/src/common/pico_sync/critical_section.c.obj
[21/96] Building C object CMakeFiles/pico_panel.dir/C_/Users/user/.cache/pico-panel/pico-sdk/src/common/pico_time/timeout_helper.c.obj
[22/96] Building C object CMakeFiles/pico_panel.dir/C_/Users/user/.cache/pico-panel/pico-sdk/src/common/pico_sync/mutex.c.obj
[23/96] Building C object CMakeFiles/pico_panel.dir/C_/Users/user/.cache/pico-panel/pico-sdk/src/common/pico_util/fixed_bitset.c.obj
[24/96] Building C object CMakeFiles/pico_panel.dir/C_/Users/user/.cache/pico-panel/pico-sdk/src/common/pico_util/datetime.c.obj
[25/96] Building C object CMakeFiles/pico_panel.dir/C_/Users/user/.cache/pico-panel/pico-sdk/src/rp2_common/hardware_timer/timer.c.obj
[26/96] Building C object CMakeFiles/pico_panel.dir/C_/Users/user/.cache/pico-panel/pico-sdk/src/common/pico_time/time.c.obj
[27/96] Building C object CMakeFiles/pico_panel.dir/C_/Users/user/.cache/pico-panel/pico-sdk/src/common/pico_util/queue.c.obj
[28/96] Building C object CMakeFiles/pico_panel.dir/C_/Users/user/.cache/pico-panel/pico-sdk/src/rp2_common/hardware_uart/uart.c.obj
[29/96] Building C object CMakeFiles/pico_panel.dir/C_/Users/user/.cache/pico-panel/pico-sdk/src/common/pico_util/pheap.c.obj
[30/96] Building C object CMakeFiles/pico_panel.dir/C_/Users/user/.cache/pico-panel/pico-sdk/src/rp2_common/hardware_pll/pll.c.obj
[31/96] Building C object CMakeFiles/pico_panel.dir/C_/Users/user/.cache/pico-panel/pico-sdk/src/rp2_common/hardware_vreg/vreg.c.obj
[32/96] Building C object CMakeFiles/pico_panel.dir/C_/Users/user/.cache/pico-panel/pico-sdk/src/rp2_common/pico_bootrom/bootrom_lock.c.obj
[33/96] Building C object CMakeFiles/pico_panel.dir/C_/Users/user/.cache/pico-panel/pico-sdk/src/rp2_common/hardware_watchdog/watchdog.c.obj
[34/96] Building C object CMakeFiles/pico_panel.dir/C_/Users/user/.cache/pico-panel/pico-sdk/src/rp2_common/hardware_ticks/ticks.c.obj
[35/96] Building C object CMakeFiles/pico_panel.dir/C_/Users/user/.cache/pico-panel/pico-sdk/src/rp2_common/hardware_boot_lock/boot_lock.c.obj
[36/96] Building C object CMakeFiles/pico_panel.dir/C_/Users/user/.cache/pico-panel/pico-sdk/src/rp2_common/pico_bootrom/bootrom.c.obj
[37/96] Building C object CMakeFiles/pico_panel.dir/C_/Users/user/.cache/pico-panel/pico-sdk/src/rp2_common/hardware_clocks/clocks.c.obj
[38/96] Building ASM object CMakeFiles/pico_panel.dir/C_/Users/user/.cache/pico-panel/pico-sdk/src/rp2_common/hardware_divider/divider.S.obj
[39/96] Building C object CMakeFiles/pico_panel.dir/C_/Users/user/.cache/pico-panel/pico-sdk/src/rp2_common/hardware_xosc/xosc.c.obj
[40/96] Building C object CMakeFiles/pico_panel.dir/C_/Users/user/.cache/pico-panel/pico-sdk/src/rp2_common/pico_flash/flash.c.obj
[41/96] Building C object CMakeFiles/pico_panel.dir/C_/Users/user/.cache/pico-panel/pico-sdk/src/rp2_common/pico_runtime_init/runtime_init.c.obj
[42/96] Building C object CMakeFiles/pico_panel.dir/C_/Users/user/.cache/pico-panel/pico-sdk/src/rp2_common/pico_runtime/runtime.c.obj
[43/96] Building C object CMakeFiles/pico_panel.dir/C_/Users/user/.cache/pico-panel/pico-sdk/src/rp2_common/pico_runtime_init/runtime_init_clocks.c.obj
[44/96] Building C object CMakeFiles/pico_panel.dir/C_/Users/user/.cache/pico-panel/pico-sdk/src/rp2_common/pico_runtime_init/runtime_init_stack_guard.c.obj
[45/96] Building ASM object CMakeFiles/pico_panel.dir/C_/Users/user/.cache/pico-panel/pico-sdk/src/rp2_common/pico_bit_ops/bit_ops_aeabi.S.obj
[46/96] Building ASM object CMakeFiles/pico_panel.dir/C_/Users/user/.cache/pico-panel/pico-sdk/src/rp2_common/pico_divider/divider_hardware.S.obj
[47/96] Building ASM object CMakeFiles/pico_panel.dir/C_/Users/user/.cache/pico-panel/pico-sdk/src/rp2_common/pico_int64_ops/pico_int64_ops_aeabi.S.obj
[48/96] Building ASM object CMakeFiles/pico_panel.dir/C_/Users/user/.cache/pico-panel/pico-sdk/src/rp2_common/pico_double/double_v1_rom_shim_rp2040.S.obj
[49/96] Building ASM object CMakeFiles/pico_panel.dir/C_/Users/user/.cache/pico-panel/pico-sdk/src/rp2_common/pico_double/double_aeabi_rp2040.S.obj
[50/96] Building C object CMakeFiles/pico_panel.dir/C_/Users/user/.cache/pico-panel/pico-sdk/src/rp2_common/hardware_rtc/rtc.c.obj
[51/96] Building C object CMakeFiles/pico_panel.dir/C_/Users/user/.cache/pico-panel/pico-sdk/src/rp2_common/pico_double/double_init_rom_rp2040.c.obj
[52/96] Building ASM object CMakeFiles/pico_panel.dir/C_/Users/user/.cache/pico-panel/pico-sdk/src/rp2_common/pico_float/float_aeabi_rp2040.S.obj
[53/96] Building ASM object CMakeFiles/pico_panel.dir/C_/Users/user/.cache/pico-panel/pico-sdk/src/rp2_common/pico_float/float_v1_rom_shim_rp2040.S.obj
[54/96] Building C object CMakeFiles/pico_panel.dir/C_/Users/user/.cache/pico-panel/pico-sdk/src/rp2_common/pico_float/float_init_rom_rp2040.c.obj
[55/96] Building ASM object CMakeFiles/pico_panel.dir/C_/Users/user/.cache/pico-panel/pico-sdk/src/rp2_common/pico_mem_ops/mem_ops_aeabi.S.obj
[56/96] Building C object CMakeFiles/pico_panel.dir/C_/Users/user/.cache/pico-panel/pico-sdk/src/rp2_common/pico_malloc/malloc.c.obj
[57/96] Building C object CMakeFiles/pico_panel.dir/C_/Users/user/.cache/pico-panel/pico-sdk/src/rp2_common/pico_standard_binary_info/standard_binary_info.c.obj
[58/96] Building CXX object CMakeFiles/pico_panel.dir/C_/Users/user/.cache/pico-panel/pico-sdk/src/rp2_common/pico_cxx_options/new_delete.cpp.obj
[59/96] Building C object CMakeFiles/pico_panel.dir/C_/Users/user/.cache/pico-panel/pico-sdk/src/rp2_common/pico_double/double_math.c.obj
[60/96] Building C object CMakeFiles/pico_panel.dir/C_/Users/user/.cache/pico-panel/pico-sdk/src/rp2_common/pico_atomic/atomic.c.obj
[61/96] Building ASM object CMakeFiles/pico_panel.dir/C_/Users/user/.cache/pico-panel/pico-sdk/src/rp2_common/pico_crt0/crt0.S.obj
[62/96] Building C object CMakeFiles/pico_panel.dir/C_/Users/user/.cache/pico-panel/pico-sdk/src/rp2_common/pico_float/float_math.c.obj
[63/96] Building C object CMakeFiles/pico_panel.dir/C_/Users/user/.cache/pico-panel/pico-sdk/src/rp2_common/pico_clib_interface/cxa_guard.c.obj
[64/96] Building C object CMakeFiles/pico_panel.dir/C_/Users/user/.cache/pico-panel/pico-sdk/src/rp2_common/pico_clib_interface/newlib_interface.c.obj
[65/96] Building C object CMakeFiles/pico_panel.dir/C_/Users/user/.cache/pico-panel/pico-sdk/src/rp2_common/pico_unique_id/unique_id.c.obj
[66/96] Building C object CMakeFiles/pico_panel.dir/C_/Users/user/.cache/pico-panel/pico-sdk/src/rp2_common/pico_stdio_usb/stdio_usb.c.obj
[67/96] Building C object CMakeFiles/pico_panel.dir/C_/Users/user/.cache/pico-panel/pico-sdk/src/rp2_common/hardware_flash/flash.c.obj
[68/96] Building C object CMakeFiles/pico_panel.dir/C_/Users/user/.cache/pico-panel/pico-sdk/src/rp2_common/pico_stdio_usb/stdio_usb_descriptors.c.obj
[69/96] Building C object CMakeFiles/pico_panel.dir/C_/Users/user/.cache/pico-panel/pico-sdk/src/rp2_common/pico_stdio/stdio.c.obj
[70/96] Building C object CMakeFiles/pico_panel.dir/C_/Users/user/.cache/pico-panel/pico-sdk/src/rp2_common/hardware_xip_cache/xip_cache.c.obj
[71/96] Building C object CMakeFiles/pico_panel.dir/C_/Users/user/.cache/pico-panel/pico-sdk/src/rp2_common/pico_printf/printf.c.obj
[72/96] Building C object CMakeFiles/pico_panel.dir/C_/Users/user/.cache/pico-panel/pico-sdk/lib/tinyusb/src/class/audio/audio_device.c.obj
[73/96] Building C object CMakeFiles/pico_panel.dir/C_/Users/user/.cache/pico-panel/pico-sdk/src/rp2_common/pico_usb_reset/usb_reset.c.obj
[74/96] Building C object CMakeFiles/pico_panel.dir/C_/Users/user/.cache/pico-panel/pico-sdk/lib/tinyusb/src/device/usbd_control.c.obj
[75/96] Building C object CMakeFiles/pico_panel.dir/C_/Users/user/.cache/pico-panel/pico-sdk/lib/tinyusb/src/portable/raspberrypi/rp2040/rp2040_usb.c.obj
[76/96] Building C object CMakeFiles/pico_panel.dir/C_/Users/user/.cache/pico-panel/pico-sdk/lib/tinyusb/src/portable/raspberrypi/rp2040/dcd_rp2040.c.obj
[77/96] Building C object CMakeFiles/pico_panel.dir/C_/Users/user/.cache/pico-panel/pico-sdk/lib/tinyusb/src/class/dfu/dfu_device.c.obj
[78/96] Building C object CMakeFiles/pico_panel.dir/C_/Users/user/.cache/pico-panel/pico-sdk/lib/tinyusb/src/class/dfu/dfu_rt_device.c.obj
[79/96] Building C object CMakeFiles/pico_panel.dir/C_/Users/user/.cache/pico-panel/pico-sdk/lib/tinyusb/src/class/cdc/cdc_device.c.obj
[80/96] Building C object CMakeFiles/pico_panel.dir/C_/Users/user/.cache/pico-panel/pico-sdk/lib/tinyusb/src/class/hid/hid_device.c.obj
[81/96] Building C object CMakeFiles/pico_panel.dir/C_/Users/user/.cache/pico-panel/pico-sdk/lib/tinyusb/src/class/midi/midi_device.c.obj
[82/96] Building C object CMakeFiles/pico_panel.dir/C_/Users/user/.cache/pico-panel/pico-sdk/lib/tinyusb/src/device/usbd.c.obj
[83/96] Building C object CMakeFiles/pico_panel.dir/C_/Users/user/.cache/pico-panel/pico-sdk/lib/tinyusb/src/class/net/ecm_rndis_device.c.obj
[84/96] Building C object CMakeFiles/pico_panel.dir/C_/Users/user/.cache/pico-panel/pico-sdk/lib/tinyusb/src/class/msc/msc_device.c.obj
[85/96] Building C object CMakeFiles/pico_panel.dir/C_/Users/user/.cache/pico-panel/pico-sdk/lib/tinyusb/src/class/net/ncm_device.c.obj
[86/96] Building C object CMakeFiles/pico_panel.dir/C_/Users/user/.cache/pico-panel/pico-sdk/lib/tinyusb/src/class/video/video_device.c.obj
[87/96] Building C object CMakeFiles/pico_panel.dir/C_/Users/user/.cache/pico-panel/pico-sdk/lib/tinyusb/src/class/vendor/vendor_device.c.obj
[88/96] Building C object CMakeFiles/pico_panel.dir/C_/Users/user/.cache/pico-panel/pico-sdk/lib/tinyusb/src/class/usbtmc/usbtmc_device.c.obj
[89/96] Building ASM object pico-sdk/src/rp2040/boot_stage2/CMakeFiles/bs2_default_library.dir/bs2_default_padded_checksummed.S.obj
[90/96] Building C object CMakeFiles/pico_panel.dir/C_/Users/user/.cache/pico-panel/pico-sdk/src/rp2_common/pico_fix/rp2040_usb_device_enumeration/rp2040_usb_device_enumeration.c.obj
[91/96] Building C object CMakeFiles/pico_panel.dir/C_/Users/user/.cache/pico-panel/pico-sdk/src/rp2_common/pico_thread_local/thread_local.c.obj
[92/96] Building C object CMakeFiles/pico_panel.dir/C_/Users/user/.cache/pico-panel/pico-sdk/src/rp2_common/hardware_dma/dma.c.obj
[93/96] Building C object CMakeFiles/pico_panel.dir/C_/Users/user/.cache/pico-panel/pico-sdk/lib/tinyusb/src/tusb.c.obj
[94/96] Building C object CMakeFiles/pico_panel.dir/C_/Users/user/.cache/pico-panel/pico-sdk/lib/tinyusb/src/common/tusb_fifo.c.obj
[95/96] Building C object CMakeFiles/pico_panel.dir/C_/Users/user/.cache/pico-panel/pico-sdk/src/rp2_common/hardware_pio/pio.c.obj
[96/96] Linking CXX executable pico_panel.elf

Algorithm       Hash                                                                   Path
---------       ----                                                                   ----
SHA256          5886F110CCD455D654EA0453BF2C031EA417C9BF41393D4AAB4E862918E33350       C:\Users\user\Documents\fpga\pic…
