Loading into Flash:   [                              ]  0%
Loading into Flash:   [                              ]  2%
Loading into Flash:   [=                             ]  4%
Loading into Flash:   [=                             ]  6%
Loading into Flash:   [==                            ]  9%
Loading into Flash:   [===                           ]  11%
Loading into Flash:   [===                           ]  13%
Loading into Flash:   [====                          ]  15%
Loading into Flash:   [=====                         ]  18%
Loading into Flash:   [======                        ]  20%
Loading into Flash:   [======                        ]  22%
Loading into Flash:   [=======                       ]  25%
Loading into Flash:   [========                      ]  27%
Loading into Flash:   [========                      ]  29%
Loading into Flash:   [=========                     ]  31%
Loading into Flash:   [==========                    ]  34%
Loading into Flash:   [==========                    ]  36%
Loading into Flash:   [===========                   ]  38%
Loading into Flash:   [============                  ]  41%
Loading into Flash:   [============                  ]  43%
Loading into Flash:   [=============                 ]  45%
Loading into Flash:   [==============                ]  47%
Loading into Flash:   [===============               ]  50%
Loading into Flash:   [===============               ]  52%
Loading into Flash:   [================              ]  54%
Loading into Flash:   [================              ]  56%
Loading into Flash:   [=================             ]  59%
Loading into Flash:   [==================            ]  61%
Loading into Flash:   [==================            ]  63%
Loading into Flash:   [===================           ]  66%
Loading into Flash:   [====================          ]  68%
Loading into Flash:   [=====================         ]  70%
Loading into Flash:   [=====================         ]  72%
Loading into Flash:   [======================        ]  75%
Loading into Flash:   [=======================       ]  77%
Loading into Flash:   [=======================       ]  79%
Loading into Flash:   [========================      ]  82%
Loading into Flash:   [=========================     ]  84%
Loading into Flash:   [=========================     ]  86%
Loading into Flash:   [==========================    ]  88%
Loading into Flash:   [===========================   ]  91%
Loading into Flash:   [===========================   ]  93%
Loading into Flash:   [============================  ]  95%
Loading into Flash:   [============================= ]  98%
Loading into Flash:   [==============================]  100%

Verifying Flash:      [                              ]  0%
Verifying Flash:      [                              ]  2%
Verifying Flash:      [=                             ]  4%
Verifying Flash:      [=                             ]  6%
Verifying Flash:      [==                            ]  9%
Verifying Flash:      [===                           ]  11%
Verifying Flash:      [===                           ]  13%
Verifying Flash:      [====                          ]  15%
Verifying Flash:      [=====                         ]  18%
Verifying Flash:      [======                        ]  20%
Verifying Flash:      [======                        ]  22%
Verifying Flash:      [=======                       ]  25%
Verifying Flash:      [========                      ]  27%
Verifying Flash:      [========                      ]  29%
Verifying Flash:      [=========                     ]  31%
Verifying Flash:      [==========                    ]  34%
Verifying Flash:      [==========                    ]  36%
Verifying Flash:      [===========                   ]  38%
Verifying Flash:      [============                  ]  41%
Verifying Flash:      [============                  ]  43%
Verifying Flash:      [=============                 ]  45%
Verifying Flash:      [==============                ]  47%
Verifying Flash:      [===============               ]  50%
Verifying Flash:      [===============               ]  52%
Verifying Flash:      [================              ]  54%
Verifying Flash:      [================              ]  56%
Verifying Flash:      [=================             ]  59%
Verifying Flash:      [==================            ]  61%
Verifying Flash:      [==================            ]  63%
Verifying Flash:      [===================           ]  66%
Verifying Flash:      [====================          ]  68%
Verifying Flash:      [=====================         ]  70%
Verifying Flash:      [=====================         ]  72%
Verifying Flash:      [======================        ]  75%
Verifying Flash:      [=======================       ]  77%
Verifying Flash:      [=======================       ]  79%
Verifying Flash:      [========================      ]  82%
Verifying Flash:      [=========================     ]  84%
Verifying Flash:      [=========================     ]  86%
Verifying Flash:      [==========================    ]  88%
Verifying Flash:      [===========================   ]  91%
Verifying Flash:      [===========================   ]  93%
Verifying Flash:      [============================  ]  95%
Verifying Flash:      [============================= ]  98%
Verifying Flash:      [==============================]  100%

  OK

The device was rebooted to start the application.
