Info: constrained 'CLK' to bel 'X0/Y8/io1'
Info: constrained 'R1' to bel 'X0/Y13/io1'
Info: constrained 'G1' to bel 'X0/Y13/io0'
Info: constrained 'B1' to bel 'X0/Y12/io0'
Info: constrained 'R2' to bel 'X0/Y10/io1'
Info: constrained 'G2' to bel 'X0/Y10/io0'
Info: constrained 'B2' to bel 'X0/Y9/io1'
Info: constrained 'A' to bel 'X0/Y9/io0'
Info: constrained 'B' to bel 'X0/Y8/io0'
Info: constrained 'C' to bel 'X0/Y6/io1'
Info: constrained 'SCLK' to bel 'X0/Y6/io0'
Info: constrained 'LAT' to bel 'X0/Y4/io1'
Info: constrained 'OE' to bel 'X0/Y4/io0'
Info: constrained 'LED1' to bel 'X9/Y0/io1'
Info: constrained 'LED2' to bel 'X13/Y3/io1'
Info: constrained 'TX' to bel 'X0/Y12/io1'
Info: constrained 'RX' to bel 'X7/Y0/io1'
Info: constrained 'sram_a[0]' to bel 'X12/Y17/io0'
Info: constrained 'sram_a[1]' to bel 'X11/Y17/io1'
Info: constrained 'sram_a[2]' to bel 'X10/Y17/io1'
Info: constrained 'sram_a[3]' to bel 'X10/Y17/io0'
Info: constrained 'sram_a[4]' to bel 'X9/Y17/io1'
Info: constrained 'sram_a[5]' to bel 'X9/Y17/io0'
Info: constrained 'sram_a[6]' to bel 'X8/Y17/io1'
Info: constrained 'sram_a[7]' to bel 'X8/Y17/io0'
Info: constrained 'sram_a[8]' to bel 'X7/Y17/io0'
Info: constrained 'sram_a[9]' to bel 'X6/Y17/io1'
Info: constrained 'sram_a[10]' to bel 'X6/Y17/io0'
Info: constrained 'sram_a[11]' to bel 'X5/Y17/io1'
Info: constrained 'sram_a[12]' to bel 'X5/Y17/io0'
Info: constrained 'sram_a[13]' to bel 'X4/Y17/io1'
Info: constrained 'sram_a[14]' to bel 'X4/Y17/io0'
Info: constrained 'sram_a[15]' to bel 'X3/Y17/io1'
Info: constrained 'sram_a[16]' to bel 'X2/Y17/io1'
Info: constrained 'sram_a[17]' to bel 'X1/Y17/io1'
Info: constrained 'sram_d[0]' to bel 'X13/Y8/io1'
Info: constrained 'sram_d[1]' to bel 'X13/Y9/io0'
Info: constrained 'sram_d[2]' to bel 'X13/Y11/io0'
Info: constrained 'sram_d[3]' to bel 'X13/Y11/io1'
Info: constrained 'sram_d[4]' to bel 'X13/Y12/io0'
Info: constrained 'sram_d[5]' to bel 'X13/Y13/io0'
Info: constrained 'sram_d[6]' to bel 'X13/Y13/io1'
Info: constrained 'sram_d[7]' to bel 'X13/Y14/io0'
Info: constrained 'sram_we_n' to bel 'X13/Y15/io0'
Info: constrained 'sram_oe_n' to bel 'X13/Y15/io1'
Info: constrained 'sram_cs_n' to bel 'X12/Y17/io1'
Info: constraining clock net 'CLK' to 100.00 MHz
Info: constraining clock net 'clk' to 25.00 MHz

Info: Packing constants..
Info: Packing IOs..
Info: Packing LUT-FFs..
Info:      536 LCs used as LUT4 only
Info:      289 LCs used as LUT4 and DFF
Info: Packing non-LUT FFs..
Info:      136 LCs used as DFF only
Info: Packing carries..
Info:       74 LCs used as CARRY only
Info: Packing indirect carry+LUT pairs...
Info:        1 LUTs merged into carry LCs
Info: Packing RAMs..
Info: Placing PLLs..
Info: Packing special functions..
Info: Packing PLLs..
Info: Promoting globals..
Info: promoting sram_a_SB_DFFE_Q_10_D_SB_LUT4_O_I1[2] [cen] (fanout 48)
Info: promoting $PACKER_GND_NET (fanout 2)
Info: promoting CLK$SB_IO_IN (fanout 2)
Info: Constraining chains...
Info:       38 LCs used to legalise carry chains.
Info: Checksum: 0xaa4944af

Info: Device utilisation:
Info: 	         ICESTORM_LC:    1077/   1280    84%
Info: 	        ICESTORM_RAM:       2/     16    12%
Info: 	               SB_IO:      46/     72    63%
Info: 	               SB_GB:       4/      8    50%
Info: 	         SB_WARMBOOT:       0/      1     0%

Info: Placed 46 cells based on constraints.
Info: Creating initial analytic placement for 846 cells, random placement wirelen = 12816.
Info:     at initial placer iter 0, wirelen = 728
Info:     at initial placer iter 1, wirelen = 723
Info:     at initial placer iter 2, wirelen = 651
Info:     at initial placer iter 3, wirelen = 747
Info: Running main analytical placer, max placement attempts per cell = 159330.
Info:     at iteration #1, type ALL: wirelen solved = 668, spread = 4185, legal = 4638; time = 0.02s
Info:     at iteration #2, type ALL: wirelen solved = 890, spread = 3472, legal = 3764; time = 0.02s
Info:     at iteration #3, type ALL: wirelen solved = 1092, spread = 3078, legal = 3657; time = 0.02s
Info:     at iteration #4, type ALL: wirelen solved = 1146, spread = 2894, legal = 3589; time = 0.02s
Info:     at iteration #5, type ALL: wirelen solved = 1306, spread = 2661, legal = 3423; time = 0.02s
Info:     at iteration #6, type ALL: wirelen solved = 1351, spread = 2611, legal = 3387; time = 0.02s
Info:     at iteration #7, type ALL: wirelen solved = 1376, spread = 2781, legal = 3375; time = 0.02s
Info:     at iteration #8, type ALL: wirelen solved = 1410, spread = 2596, legal = 3397; time = 0.02s
Info:     at iteration #9, type ALL: wirelen solved = 1499, spread = 2691, legal = 3440; time = 0.02s
Info:     at iteration #10, type ALL: wirelen solved = 1496, spread = 2632, legal = 3095; time = 0.02s
Info:     at iteration #11, type ALL: wirelen solved = 1552, spread = 2479, legal = 3087; time = 0.02s
Info:     at iteration #12, type ALL: wirelen solved = 1572, spread = 2664, legal = 3204; time = 0.02s
Info:     at iteration #13, type ALL: wirelen solved = 1660, spread = 2659, legal = 3277; time = 0.02s
Info:     at iteration #14, type ALL: wirelen solved = 1703, spread = 2691, legal = 3285; time = 0.02s
Info:     at iteration #15, type ALL: wirelen solved = 1730, spread = 2741, legal = 3336; time = 0.02s
Info:     at iteration #16, type ALL: wirelen solved = 1727, spread = 2598, legal = 3513; time = 0.02s
Info: HeAP Placer Time: 0.41s
Info:   of which solving equations: 0.25s
Info:   of which spreading cells: 0.03s
Info:   of which strict legalisation: 0.05s

Info: Running simulated annealing placer for refinement.
Info:   at iteration #1: temp = 0.000000, timing cost = 69, wirelen = 3087
Info:   at iteration #5: temp = 0.000000, timing cost = 60, wirelen = 2681
Info:   at iteration #10: temp = 0.000000, timing cost = 53, wirelen = 2609
Info:   at iteration #15: temp = 0.000000, timing cost = 53, wirelen = 2482
Info:   at iteration #20: temp = 0.000000, timing cost = 53, wirelen = 2410
Info:   at iteration #25: temp = 0.000000, timing cost = 54, wirelen = 2380
Info:   at iteration #27: temp = 0.000000, timing cost = 54, wirelen = 2376 
Info: SA placement time 0.80s

Info: Max frequency for clock                   'clk': 67.32 MHz (PASS at 25.00 MHz)
Info: Max frequency for clock 'CLK$SB_IO_IN_$glb_clk': 655.31 MHz (PASS at 100.00 MHz)

Info: Clock '$PACKER_GND_NET_$glb_clk' has no interior paths

Info: Max delay <async>     -> posedge clk: 6.01 ns
Info: Max delay posedge clk -> <async>    : 5.92 ns

Info: Slack histogram:
Info:  legend: * represents 7 endpoint(s)
Info:          + represents [1,7) endpoint(s)
Info: [  8474,   9990) |+
Info: [  9990,  11506) | 
Info: [ 11506,  13022) | 
Info: [ 13022,  14538) | 
Info: [ 14538,  16054) | 
Info: [ 16054,  17570) | 
Info: [ 17570,  19086) | 
Info: [ 19086,  20602) | 
Info: [ 20602,  22118) | 
Info: [ 22118,  23634) | 
Info: [ 23634,  25150) |+
Info: [ 25150,  26666) |**+
Info: [ 26666,  28182) |*+
Info: [ 28182,  29698) | 
Info: [ 29698,  31214) |**********+
Info: [ 31214,  32730) |*********************+
Info: [ 32730,  34246) |************************+
Info: [ 34246,  35762) |**************************+
Info: [ 35762,  37278) |************************+
Info: [ 37278,  38794) |************************************************************ 
Info: Checksum: 0x051405c6

Info: Routing..
Info: Setting up routing queue.
Info: Routing 3419 arcs.
Info:            |   (re-)routed arcs  |   delta    | remaining|       time spent     |
Info:    IterCnt |  w/ripup   wo/ripup |  w/r  wo/r |      arcs| batch(sec) total(sec)|
Info:       1000 |       47        914 |   47   914 |      2480|       0.15       0.15|
Info:       2000 |      228       1680 |  181   766 |      1695|       0.10       0.25|
Info:       3000 |      434       2418 |  206   738 |       934|       0.09       0.34|
Info:       4000 |      540       3259 |  106   841 |        72|       0.09       0.43|
Info:       4080 |      547       3332 |    7    73 |         0|       0.02       0.45|
Info: Routing complete.
Info: Router1 time 0.45s
Info: Checksum: 0xf9662bde

Info: Critical path report for clock 'clk' (posedge -> posedge):
Info:       type curr  total name
Info:   clk-to-q  0.54  0.54 Source scan.state_SB_DFFESR_Q_D_SB_LUT4_O_LC.O
Info:    routing  0.59  1.13 Net initialized_SB_DFFE_Q_E_SB_LUT4_O_I2_SB_LUT4_O_I3_SB_LUT4_I3_O_SB_LUT4_O_I1_SB_LUT4_I0_O_SB_LUT4_I1_O[3] (5,5) -> (5,6)
Info:                          Sink scan.length_SB_LUT4_O_I2_SB_LUT4_O_LC.I2
Info:                          Defined in:
Info:                               panel_scan.v:36.15-36.20
Info:      logic  0.38  1.51 Source scan.length_SB_LUT4_O_I2_SB_LUT4_O_LC.O
Info:    routing  0.59  2.09 Net scan.length_SB_LUT4_O_I2[1] (5,6) -> (4,7)
Info:                          Sink scan.length_SB_LUT4_O_LC.I2
Info:                          Defined in:
Info:                               C:\oss-cad-suite\bin\../share/yosys/ice40/cells_map.v:6.21-6.22
Info:      logic  0.38  2.47 Source scan.length_SB_LUT4_O_LC.O
Info:    routing  0.59  3.06 Net LAT_SB_DFFESR_Q_D_SB_LUT4_O_I3_SB_LUT4_O_1_I1_SB_LUT4_O_2_I3_SB_LUT4_I3_O_SB_LUT4_I3_O[0] (4,7) -> (5,6)
Info:                          Sink scan.length_SB_LUT4_O_3_LC.I2
Info:                          Defined in:
Info:                               C:\oss-cad-suite\bin\../share/yosys/ice40/cells_map.v:6.21-6.22
Info:      logic  0.38  3.44 Source scan.length_SB_LUT4_O_3_LC.O
Info:    routing  0.59  4.03 Net LAT_SB_DFFESR_Q_D_SB_LUT4_O_I3_SB_LUT4_O_1_I1_SB_LUT4_O_2_I3_SB_LUT4_I3_I2[1] (5,6) -> (5,7)
Info:                          Sink $nextpnr_ICESTORM_LC_35.I1
Info:                          Defined in:
Info:                               panel_scan.v:86.16-86.22
Info:      logic  0.26  4.28 Source $nextpnr_ICESTORM_LC_35.COUT
Info:    routing  0.00  4.28 Net $nextpnr_ICESTORM_LC_35$O (5,7) -> (5,7)
Info:                          Sink LAT_SB_DFFESR_Q_D_SB_LUT4_O_I3_SB_LUT4_O_1_I1_SB_LUT4_O_2_I3_SB_LUT4_O_2_I3_SB_LUT4_O_I3_SB_LUT4_O_LC.CIN
Info:      logic  0.13  4.41 Source LAT_SB_DFFESR_Q_D_SB_LUT4_O_I3_SB_LUT4_O_1_I1_SB_LUT4_O_2_I3_SB_LUT4_O_2_I3_SB_LUT4_O_I3_SB_LUT4_O_LC.COUT
Info:    routing  0.00  4.41 Net LAT_SB_DFFESR_Q_D_SB_LUT4_O_I3_SB_LUT4_O_1_I1_SB_LUT4_O_2_I3_SB_LUT4_I3_I2[2] (5,7) -> (5,7)
Info:                          Sink LAT_SB_DFFESR_Q_D_SB_LUT4_O_I3_SB_LUT4_O_1_I1_SB_LUT4_O_2_I3_SB_LUT4_O_2_I3_SB_LUT4_O_I3_SB_LUT4_O_6_LC.CIN
Info:                          Defined in:
Info:                               panel_scan.v:122.30-122.40
Info:                               C:\oss-cad-suite\bin\../share/yosys/ice40/arith_map.v:51.21-51.22
Info:      logic  0.13  4.54 Source LAT_SB_DFFESR_Q_D_SB_LUT4_O_I3_SB_LUT4_O_1_I1_SB_LUT4_O_2_I3_SB_LUT4_O_2_I3_SB_LUT4_O_I3_SB_LUT4_O_6_LC.COUT
Info:    routing  0.00  4.54 Net LAT_SB_DFFESR_Q_D_SB_LUT4_O_I3_SB_LUT4_O_1_I1_SB_LUT4_O_2_I3_SB_LUT4_I3_I2[3] (5,7) -> (5,7)
Info:                          Sink LAT_SB_DFFESR_Q_D_SB_LUT4_O_I3_SB_LUT4_O_1_I1_SB_LUT4_O_2_I3_SB_LUT4_O_2_I3_SB_LUT4_O_I3_SB_LUT4_O_7_LC.CIN
Info:                          Defined in:
Info:                               panel_scan.v:122.30-122.40
Info:                               C:\oss-cad-suite\bin\../share/yosys/ice40/arith_map.v:51.21-51.22
Info:      logic  0.13  4.66 Source LAT_SB_DFFESR_Q_D_SB_LUT4_O_I3_SB_LUT4_O_1_I1_SB_LUT4_O_2_I3_SB_LUT4_O_2_I3_SB_LUT4_O_I3_SB_LUT4_O_7_LC.COUT
Info:    routing  0.00  4.66 Net LAT_SB_DFFESR_Q_D_SB_LUT4_O_I3_SB_LUT4_O_1_I1_SB_LUT4_O_2_I3_SB_LUT4_I3_I2[4] (5,7) -> (5,7)
Info:                          Sink LAT_SB_DFFESR_Q_D_SB_LUT4_O_I3_SB_LUT4_O_1_I1_SB_LUT4_O_2_I3_SB_LUT4_O_2_I3_SB_LUT4_O_I3_SB_LUT4_O_1_LC.CIN
Info:                          Defined in:
Info:                               panel_scan.v:122.30-122.40
Info:                               C:\oss-cad-suite\bin\../share/yosys/ice40/arith_map.v:51.21-51.22
Info:      logic  0.13  4.79 Source LAT_SB_DFFESR_Q_D_SB_LUT4_O_I3_SB_LUT4_O_1_I1_SB_LUT4_O_2_I3_SB_LUT4_O_2_I3_SB_LUT4_O_I3_SB_LUT4_O_1_LC.COUT
Info:    routing  0.00  4.79 Net LAT_SB_DFFESR_Q_D_SB_LUT4_O_I3_SB_LUT4_O_1_I1_SB_LUT4_O_2_I3_SB_LUT4_I3_I2[5] (5,7) -> (5,7)
Info:                          Sink LAT_SB_DFFESR_Q_D_SB_LUT4_O_I3_SB_LUT4_O_1_I1_SB_LUT4_O_2_I3_SB_LUT4_O_2_I3_SB_LUT4_O_I3_SB_LUT4_O_5_LC.CIN
Info:                          Defined in:
Info:                               panel_scan.v:122.30-122.40
Info:                               C:\oss-cad-suite\bin\../share/yosys/ice40/arith_map.v:51.21-51.22
Info:      logic  0.13  4.91 Source LAT_SB_DFFESR_Q_D_SB_LUT4_O_I3_SB_LUT4_O_1_I1_SB_LUT4_O_2_I3_SB_LUT4_O_2_I3_SB_LUT4_O_I3_SB_LUT4_O_5_LC.COUT
Info:    routing  0.00  4.91 Net LAT_SB_DFFESR_Q_D_SB_LUT4_O_I3_SB_LUT4_O_1_I1_SB_LUT4_O_2_I3_SB_LUT4_I3_I2[6] (5,7) -> (5,7)
Info:                          Sink LAT_SB_DFFESR_Q_D_SB_LUT4_O_I3_SB_LUT4_O_1_I1_SB_LUT4_O_2_I3_SB_LUT4_O_2_I3_SB_LUT4_O_I3_SB_LUT4_O_3_LC.CIN
Info:                          Defined in:
Info:                               panel_scan.v:122.30-122.40
Info:                               C:\oss-cad-suite\bin\../share/yosys/ice40/arith_map.v:51.21-51.22
Info:      logic  0.13  5.04 Source LAT_SB_DFFESR_Q_D_SB_LUT4_O_I3_SB_LUT4_O_1_I1_SB_LUT4_O_2_I3_SB_LUT4_O_2_I3_SB_LUT4_O_I3_SB_LUT4_O_3_LC.COUT
Info:    routing  0.00  5.04 Net LAT_SB_DFFESR_Q_D_SB_LUT4_O_I3_SB_LUT4_O_1_I1_SB_LUT4_O_2_I3_SB_LUT4_I3_I2[7] (5,7) -> (5,7)
Info:                          Sink LAT_SB_DFFESR_Q_D_SB_LUT4_O_I3_SB_LUT4_O_1_I1_SB_LUT4_O_2_I3_SB_LUT4_O_2_I3_SB_LUT4_O_I3_SB_LUT4_O_2_LC.CIN
Info:                          Defined in:
Info:                               panel_scan.v:122.30-122.40
Info:                               C:\oss-cad-suite\bin\../share/yosys/ice40/arith_map.v:51.21-51.22
Info:      logic  0.13  5.17 Source LAT_SB_DFFESR_Q_D_SB_LUT4_O_I3_SB_LUT4_O_1_I1_SB_LUT4_O_2_I3_SB_LUT4_O_2_I3_SB_LUT4_O_I3_SB_LUT4_O_2_LC.COUT
Info:    routing  0.20  5.36 Net $nextpnr_ICESTORM_LC_36$I3 (5,7) -> (5,8)
Info:                          Sink $nextpnr_ICESTORM_LC_36.CIN
Info:      logic  0.13  5.49 Source $nextpnr_ICESTORM_LC_36.COUT
Info:    routing  0.26  5.75 Net $nextpnr_ICESTORM_LC_36$COUT (5,8) -> (5,8)
Info:                          Sink LAT_SB_DFFESR_Q_D_SB_LUT4_O_I3_SB_LUT4_O_1_I1_SB_LUT4_O_2_I3_SB_LUT4_O_2_I3_SB_LUT4_O_I3_SB_LUT4_O_4_LC.I3
Info:      logic  0.31  6.06 Source LAT_SB_DFFESR_Q_D_SB_LUT4_O_I3_SB_LUT4_O_1_I1_SB_LUT4_O_2_I3_SB_LUT4_O_2_I3_SB_LUT4_O_I3_SB_LUT4_O_4_LC.O
Info:    routing  0.59  6.65 Net LAT_SB_DFFESR_Q_D_SB_LUT4_O_I3_SB_LUT4_O_1_I1_SB_LUT4_O_2_I3_SB_LUT4_O_2_I3_SB_LUT4_O_I3[9] (5,8) -> (5,9)
Info:                          Sink LAT_SB_DFFESR_Q_D_SB_LUT4_O_I3_SB_LUT4_O_1_I1_SB_LUT4_O_2_I3_SB_LUT4_I3_O_SB_LUT4_O_I3_SB_LUT4_O_I3_SB_LUT4_O_1_LC.I2
Info:                          Defined in:
Info:                               panel_scan.v:122.30-122.40
Info:                               C:\oss-cad-suite\bin\../share/yosys/ice40/arith_map.v:33.26-33.27
Info:      logic  0.38  7.03 Source LAT_SB_DFFESR_Q_D_SB_LUT4_O_I3_SB_LUT4_O_1_I1_SB_LUT4_O_2_I3_SB_LUT4_I3_O_SB_LUT4_O_I3_SB_LUT4_O_I3_SB_LUT4_O_1_LC.O
Info:    routing  0.59  7.62 Net LAT_SB_DFFESR_Q_D_SB_LUT4_O_I3_SB_LUT4_O_1_I1_SB_LUT4_O_2_I3_SB_LUT4_I3_O_SB_LUT4_O_I3_SB_LUT4_O_I3[0] (5,9) -> (5,9)
Info:                          Sink LAT_SB_DFFESR_Q_D_SB_LUT4_O_I3_SB_LUT4_O_1_I1_SB_LUT4_O_2_I3_SB_LUT4_I3_O_SB_LUT4_O_I3_SB_LUT4_O_LC.I0
Info:                          Defined in:
Info:                               C:\oss-cad-suite\bin\../share/yosys/ice40/cells_map.v:6.21-6.22
Info:      logic  0.45  8.06 Source LAT_SB_DFFESR_Q_D_SB_LUT4_O_I3_SB_LUT4_O_1_I1_SB_LUT4_O_2_I3_SB_LUT4_I3_O_SB_LUT4_O_I3_SB_LUT4_O_LC.O
Info:    routing  0.59  8.65 Net LAT_SB_DFFESR_Q_D_SB_LUT4_O_I3_SB_LUT4_O_1_I1_SB_LUT4_O_2_I3_SB_LUT4_I3_O_SB_LUT4_O_I3[0] (5,9) -> (5,9)
Info:                          Sink LAT_SB_DFFESR_Q_D_SB_LUT4_O_I3_SB_LUT4_O_1_I1_SB_LUT4_O_2_I3_SB_LUT4_I3_O_SB_LUT4_O_LC.I1
Info:                          Defined in:
Info:                               C:\oss-cad-suite\bin\../share/yosys/ice40/cells_map.v:6.21-6.22
Info:      logic  0.40  9.05 Source LAT_SB_DFFESR_Q_D_SB_LUT4_O_I3_SB_LUT4_O_1_I1_SB_LUT4_O_2_I3_SB_LUT4_I3_O_SB_LUT4_O_LC.O
Info:    routing  0.59  9.64 Net LAT_SB_DFFESR_Q_D_SB_LUT4_O_I3_SB_LUT4_O_1_I1_SB_LUT4_O_2_I3_SB_LUT4_I3_O[2] (5,9) -> (5,9)
Info:                          Sink LAT_SB_DFFESR_Q_D_SB_LUT4_O_I3_SB_LUT4_O_1_I1_SB_LUT4_O_2_I3_SB_LUT4_I3_O_SB_LUT4_I3_LC.I2
Info:                          Defined in:
Info:                               C:\oss-cad-suite\bin\../share/yosys/ice40/cells_map.v:6.21-6.22
Info:      logic  0.38  10.02 Source LAT_SB_DFFESR_Q_D_SB_LUT4_O_I3_SB_LUT4_O_1_I1_SB_LUT4_O_2_I3_SB_LUT4_I3_O_SB_LUT4_I3_LC.O
Info:    routing  1.27  11.29 Net LAT_SB_DFFESR_Q_D_SB_LUT4_O_I3_SB_LUT4_O_1_I1_SB_LUT4_O_2_I3_SB_LUT4_I3_O_SB_LUT4_I3_O[1] (5,9) -> (5,5)
Info:                          Sink initialized_SB_LUT4_I1_O_SB_LUT4_O_I2_SB_LUT4_O_LC.I2
Info:                          Defined in:
Info:                               C:\oss-cad-suite\bin\../share/yosys/ice40/cells_map.v:6.21-6.22
Info:      logic  0.38  11.67 Source initialized_SB_LUT4_I1_O_SB_LUT4_O_I2_SB_LUT4_O_LC.O
Info:    routing  0.59  12.26 Net initialized_SB_LUT4_I1_O_SB_LUT4_O_I2[0] (5,5) -> (5,6)
Info:                          Sink initialized_SB_LUT4_I1_O_SB_LUT4_O_LC.I2
Info:                          Defined in:
Info:                               C:\oss-cad-suite\bin\../share/yosys/ice40/cells_map.v:6.21-6.22
Info:      logic  0.38  12.64 Source initialized_SB_LUT4_I1_O_SB_LUT4_O_LC.O
Info:    routing  0.96  13.60 Net initialized_SB_LUT4_I1_O[1] (5,6) -> (5,3)
Info:                          Sink scan.visible_uploads_SB_DFFESR_Q_E_SB_LUT4_O_LC.I2
Info:                          Defined in:
Info:                               C:\oss-cad-suite\bin\../share/yosys/ice40/cells_map.v:6.21-6.22
Info:      logic  0.38  13.97 Source scan.visible_uploads_SB_DFFESR_Q_E_SB_LUT4_O_LC.O
Info:    routing  1.84  15.81 Net scan.visible_uploads_SB_DFFESR_Q_E (5,3) -> (4,2)
Info:                          Sink scan.visible_uploads_SB_DFFESR_Q_D_SB_LUT4_O_LC.CEN
Info:      setup  0.10  15.91 Source scan.visible_uploads_SB_DFFESR_Q_D_SB_LUT4_O_LC.CEN
Info: 6.09 ns logic, 9.81 ns routing

Info: Critical path report for clock 'CLK$SB_IO_IN_$glb_clk' (posedge -> posedge):
Info:       type curr  total name
Info:   clk-to-q  0.54  0.54 Source divider_SB_DFF_Q_1_D_SB_LUT4_O_LC.O
Info:    routing  0.59  1.13 Net divider[1] (2,1) -> (2,1)
Info:                          Sink divider_SB_DFF_Q_1_D_SB_LUT4_O_LC.I2
Info:                          Defined in:
Info:                               video.v:7.36-7.48
Info:                               C:\oss-cad-suite\bin\../share/yosys/techmap.v:287.21-287.22
Info:      setup  0.40  1.53 Source divider_SB_DFF_Q_1_D_SB_LUT4_O_LC.I2
Info: 0.94 ns logic, 0.59 ns routing

Info: Critical path report for cross-domain path '<async>' -> 'posedge clk':
Info:       type curr  total name
Info:     source  0.00  0.00 Source sram_d[3]$sb_io.D_IN_0
Info:    routing  1.49  1.49 Net sram_d[3]$SB_IO_IN (13,11) -> (12,13)
Info:                          Sink memory.write_error_SB_DFFSR_Q_R_SB_LUT4_O_I2_SB_LUT4_O_2_I3_SB_LUT4_O_1_LC.I0
Info:                          Defined in:
Info:                               video.v:4.39-4.45
Info:      logic  0.45  1.94 Source memory.write_error_SB_DFFSR_Q_R_SB_LUT4_O_I2_SB_LUT4_O_2_I3_SB_LUT4_O_1_LC.O
Info:    routing  0.59  2.53 Net memory.write_error_SB_DFFSR_Q_R_SB_LUT4_O_I2_SB_LUT4_O_2_I3[3] (12,13) -> (12,13)
Info:                          Sink memory.write_error_SB_DFFSR_Q_R_SB_LUT4_O_I2_SB_LUT4_O_2_LC.I3
Info:                          Defined in:
Info:                               C:\oss-cad-suite\bin\../share/yosys/ice40/cells_map.v:6.21-6.22
Info:      logic  0.31  2.84 Source memory.write_error_SB_DFFSR_Q_R_SB_LUT4_O_I2_SB_LUT4_O_2_LC.O
Info:    routing  0.59  3.43 Net memory.write_error_SB_DFFSR_Q_R_SB_LUT4_O_I2[2] (12,13) -> (12,13)
Info:                          Sink memory.write_error_SB_DFFSR_Q_R_SB_LUT4_O_LC.I2
Info:                          Defined in:
Info:                               C:\oss-cad-suite\bin\../share/yosys/ice40/cells_map.v:6.21-6.22
Info:      logic  0.38  3.81 Source memory.write_error_SB_DFFSR_Q_R_SB_LUT4_O_LC.O
Info:    routing  0.59  4.40 Net memory.write_error_SB_DFFSR_Q_R[0] (12,13) -> (11,12)
Info:                          Sink boot_error_SB_DFFE_Q_E_SB_LUT4_O_LC.I2
Info:                          Defined in:
Info:                               C:\oss-cad-suite\bin\../share/yosys/ice40/cells_map.v:6.21-6.22
Info:      logic  0.38  4.77 Source boot_error_SB_DFFE_Q_E_SB_LUT4_O_LC.O
Info:    routing  1.99  6.76 Net boot_error_SB_DFFE_Q_E (11,12) -> (11,8)
Info:                          Sink boot_error_SB_DFFE_Q_DFFLC.CEN
Info:      setup  0.10  6.86 Source boot_error_SB_DFFE_Q_DFFLC.CEN
Info: 1.62 ns logic, 5.24 ns routing

Info: Critical path report for cross-domain path 'posedge clk' -> '<async>':
Info:       type curr  total name
Info:   clk-to-q  0.54  0.54 Source scan.state_SB_DFFESR_Q_D_SB_LUT4_O_LC.O
Info:    routing  0.59  1.13 Net initialized_SB_DFFE_Q_E_SB_LUT4_O_I2_SB_LUT4_O_I3_SB_LUT4_I3_O_SB_LUT4_O_I1_SB_LUT4_I0_O_SB_LUT4_I1_O[3] (5,5) -> (5,6)
Info:                          Sink scan.length_SB_LUT4_O_1_I3_SB_LUT4_O_LC.I1
Info:                          Defined in:
Info:                               panel_scan.v:36.15-36.20
Info:      logic  0.40  1.53 Source scan.length_SB_LUT4_O_1_I3_SB_LUT4_O_LC.O
Info:    routing  1.27  2.80 Net OE_SB_DFFESR_Q_D_SB_LUT4_O_I0[2] (5,6) -> (5,3)
Info:                          Sink LED1_SB_LUT4_O_I3_SB_LUT4_O_LC.I1
Info:                          Defined in:
Info:                               C:\oss-cad-suite\bin\../share/yosys/ice40/cells_map.v:6.21-6.22
Info:      logic  0.40  3.20 Source LED1_SB_LUT4_O_I3_SB_LUT4_O_LC.O
Info:    routing  1.22  4.42 Net LED1_SB_LUT4_O_I3[2] (5,3) -> (9,3)
Info:                          Sink LED1_SB_LUT4_O_LC.I3
Info:                          Defined in:
Info:                               C:\oss-cad-suite\bin\../share/yosys/ice40/cells_map.v:6.21-6.22
Info:      logic  0.31  4.73 Source LED1_SB_LUT4_O_LC.O
Info:    routing  0.96  5.69 Net LED1$SB_IO_OUT (9,3) -> (9,0)
Info:                          Sink LED1$sb_io.D_OUT_0
Info:                          Defined in:
Info:                               video.v:3.48-3.52
Info: 1.65 ns logic, 4.04 ns routing

Info: Max frequency for clock                   'clk': 62.86 MHz (PASS at 25.00 MHz)
Info: Max frequency for clock 'CLK$SB_IO_IN_$glb_clk': 655.31 MHz (PASS at 100.00 MHz)

Info: Clock '$PACKER_GND_NET_$glb_clk' has no interior paths

Info: Max delay <async>     -> posedge clk: 6.86 ns
Info: Max delay posedge clk -> <async>    : 5.69 ns

Info: Slack histogram:
Info:  legend: * represents 7 endpoint(s)
Info:          + represents [1,7) endpoint(s)
Info: [  8474,   9978) |+
Info: [  9978,  11482) | 
Info: [ 11482,  12986) | 
Info: [ 12986,  14490) | 
Info: [ 14490,  15994) | 
Info: [ 15994,  17498) | 
Info: [ 17498,  19002) | 
Info: [ 19002,  20506) | 
Info: [ 20506,  22010) | 
Info: [ 22010,  23514) | 
Info: [ 23514,  25018) |*+
Info: [ 25018,  26522) |+
Info: [ 26522,  28026) |*+
Info: [ 28026,  29530) |**+
Info: [ 29530,  31034) |*******+
Info: [ 31034,  32538) |**********************+
Info: [ 32538,  34042) |******************+
Info: [ 34042,  35546) |*****************************+
Info: [ 35546,  37050) |*****************************+
Info: [ 37050,  38554) |************************************************************ 

Info: Program finished normally.
